Archive member included to satisfy reference by file (symbol)

C:/devkitPro/libctru/lib\libcitro2d.a(base.o)
                              main.o (C2D_Init)
C:/devkitPro/libctru/lib\libcitro2d.a(render2d_shbin.o)
                              C:/devkitPro/libctru/lib\libcitro2d.a(base.o) (render2d_shbin)
C:/devkitPro/libctru/lib\libcitro3d.a(attribs.o)
                              C:/devkitPro/libctru/lib\libcitro2d.a(base.o) (AttrInfo_Init)
C:/devkitPro/libctru/lib\libcitro3d.a(base.o)
                              C:/devkitPro/libctru/lib\libcitro3d.a(attribs.o) (__C3D_Context)
C:/devkitPro/libctru/lib\libcitro3d.a(buffers.o)
                              C:/devkitPro/libctru/lib\libcitro2d.a(base.o) (BufInfo_Init)
C:/devkitPro/libctru/lib\libcitro3d.a(drawElements.o)
                              C:/devkitPro/libctru/lib\libcitro2d.a(base.o) (C3D_DrawElements)
C:/devkitPro/libctru/lib\libcitro3d.a(effect.o)
                              C:/devkitPro/libctru/lib\libcitro3d.a(base.o) (C3D_DepthMap)
C:/devkitPro/libctru/lib\libcitro3d.a(framebuffer.o)
                              C:/devkitPro/libctru/lib\libcitro3d.a(base.o) (C3Di_FrameBufBind)
C:/devkitPro/libctru/lib\libcitro3d.a(immediate.o)
                              C:/devkitPro/libctru/lib\libcitro3d.a(base.o) (C3D_ImmSendAttrib)
C:/devkitPro/libctru/lib\libcitro3d.a(proctex.o)
                              C:/devkitPro/libctru/lib\libcitro2d.a(base.o) (C3D_ProcTexInit)
C:/devkitPro/libctru/lib\libcitro3d.a(renderqueue.o)
                              C:/devkitPro/libctru/lib\libcitro3d.a(base.o) (C3Di_RenderQueueEnableVBlank)
C:/devkitPro/libctru/lib\libcitro3d.a(texenv.o)
                              C:/devkitPro/libctru/lib\libcitro2d.a(base.o) (C3D_GetTexEnv)
C:/devkitPro/libctru/lib\libcitro3d.a(texture.o)
                              C:/devkitPro/libctru/lib\libcitro2d.a(base.o) (C3D_TexBind)
C:/devkitPro/libctru/lib\libcitro3d.a(uniforms.o)
                              C:/devkitPro/libctru/lib\libcitro3d.a(base.o) (C3D_UpdateUniforms)
C:/devkitPro/libctru/lib\libcitro3d.a(mtx_multiply.o)
                              C:/devkitPro/libctru/lib\libcitro2d.a(base.o) (Mtx_Multiply)
C:/devkitPro/libctru/lib\libcitro3d.a(mtx_ortho.o)
                              C:/devkitPro/libctru/lib\libcitro2d.a(base.o) (Mtx_Ortho)
C:/devkitPro/libctru/lib\libcitro3d.a(mtx_orthotilt.o)
                              C:/devkitPro/libctru/lib\libcitro2d.a(base.o) (Mtx_OrthoTilt)
C:/devkitPro/libctru/lib\libcitro3d.a(mtx_rotatez.o)
                              C:/devkitPro/libctru/lib\libcitro2d.a(base.o) (Mtx_RotateZ)
C:/devkitPro/libctru/lib\libcitro3d.a(mtx_scale.o)
                              C:/devkitPro/libctru/lib\libcitro2d.a(base.o) (Mtx_Scale)
C:/devkitPro/libctru/lib\libcitro3d.a(mtx_translate.o)
                              C:/devkitPro/libctru/lib\libcitro2d.a(base.o) (Mtx_Translate)
C:/devkitPro/libctru/lib\libctru.a(linear.o)
                              C:/devkitPro/libctru/lib\libcitro2d.a(base.o) (linearAlloc)
C:/devkitPro/libctru/lib\libctru.a(mem_pool.o)
                              C:/devkitPro/libctru/lib\libctru.a(linear.o) (_ZN7MemPool8AllocateER8MemChunkmi)
C:/devkitPro/libctru/lib\libctru.a(vram.o)
                              C:/devkitPro/libctru/lib\libcitro3d.a(renderqueue.o) (vramAlloc)
C:/devkitPro/libctru/lib\libctru.a(gfx.o)
                              C:/devkitPro/libctru/lib\libcitro2d.a(base.o) (gfxIsWide)
C:/devkitPro/libctru/lib\libctru.a(os.o)
                              C:/devkitPro/libctru/lib\libcitro3d.a(buffers.o) (osConvertVirtToPhys)
C:/devkitPro/libctru/lib\libctru.a(gpu.o)
                              C:/devkitPro/libctru/lib\libcitro3d.a(renderqueue.o) (gpuCmdBuf)
C:/devkitPro/libctru/lib\libctru.a(gx.o)
                              C:/devkitPro/libctru/lib\libcitro3d.a(renderqueue.o) (GX_BindQueue)
C:/devkitPro/libctru/lib\libctru.a(gxqueue.o)
                              C:/devkitPro/libctru/lib\libcitro3d.a(renderqueue.o) (gxCmdQueueClear)
C:/devkitPro/libctru/lib\libctru.a(shaderProgram.o)
                              C:/devkitPro/libctru/lib\libcitro2d.a(base.o) (shaderInstanceGetUniformLocation)
C:/devkitPro/libctru/lib\libctru.a(shbin.o)
                              C:/devkitPro/libctru/lib\libcitro2d.a(base.o) (DVLB_ParseFile)
C:/devkitPro/libctru/lib\libctru.a(apt.o)
                              C:/devkitPro/libctru/lib\libcitro3d.a(base.o) (aptHook)
C:/devkitPro/libctru/lib\libctru.a(gspgpu.o)
                              C:/devkitPro/libctru/lib\libctru.a(gfx.o) (gspInit)
C:/devkitPro/libctru/lib\libctru.a(hid.o)
                              main.o (hidScanInput)
C:/devkitPro/libctru/lib\libctru.a(irrst.o)
                              C:/devkitPro/libctru/lib\libctru.a(hid.o) (irrstInit)
C:/devkitPro/libctru/lib\libctru.a(mcuhwc.o)
                              main.o (mcuHwcInit)
[...]
Memory Configuration

Name             Origin             Length             Attributes
*default*        0x00000000         0xffffffff

Linker script and memory map

                0x00000000                        __sync_synchronize = __sync_synchronize_dmb
                0x00100000                        PROVIDE (__start__ = 0x100000)
                0x00100000                        . = __start__

.text           0x00100000    0x1df18
 *(.crt0)
 .crt0          0x00100000       0x94 C:/devkitPro/devkitARM/bin/../lib/gcc/arm-none-eabi/15.2.0/../../../../arm-none-eabi/lib/armv6k/fpu/3dsx_crt0.o
                0x00100000                _start
                0x00100008                __service_ptr
                0x0010000c                __apt_appid
                0x00100010                __heap_size
                0x00100014                __linear_heap_size
                0x00100018                __system_arglist
                0x0010001c                __system_runflags
 *(.init)
 .init          0x00100094        0xc C:/devkitPro/devkitARM/bin/../lib/gcc/arm-none-eabi/15.2.0/armv6k/fpu/crti.o
                0x00100094                _init
 .init          0x001000a0        0xc C:/devkitPro/devkitARM/bin/../lib/gcc/arm-none-eabi/15.2.0/armv6k/fpu/crtn.o
                0x001000ac                        . = ALIGN (0x4)
 *(.text)
 .text          0x001000ac       0x3c C:/devkitPro/devkitARM/bin/../lib/gcc/arm-none-eabi/15.2.0/armv6k/fpu\libgcc.a(_aeabi_uldivmod.o)
                0x001000ac                __aeabi_uldivmod
 .text          0x001000e8        0x4 C:/devkitPro/devkitARM/bin/../lib/gcc/arm-none-eabi/15.2.0/armv6k/fpu\libgcc.a(_dvmd_tls.o)
                0x001000e8                __aeabi_idiv0
                0x001000e8                __aeabi_ldiv0
 *fill*         0x001000ec       0x14 
 .text          0x00100100      0x390 C:/devkitPro/devkitARM/bin/../lib/gcc/arm-none-eabi/15.2.0/../../../../arm-none-eabi/lib/armv6k/fpu\libg.a(libc_a-strcmp.o)
                0x00100108                strcmp
 .text          0x00100490      0x20c C:/devkitPro/devkitARM/bin/../lib/gcc/arm-none-eabi/15.2.0/armv6k/fpu\libgcc.a(_udivsi3.o)
                0x00100490                __aeabi_uidiv
                0x00100490                __udivsi3
                0x0010067c                __aeabi_uidivmod
 .text          0x0010069c      0x240 C:/devkitPro/devkitARM/bin/../lib/gcc/arm-none-eabi/15.2.0/armv6k/fpu\libgcc.a(_divsi3.o)
                0x0010069c                __divsi3
                0x0010069c                __aeabi_idiv
                0x001008bc                __aeabi_idivmod
 *(.text.*)
 .text.__do_global_dtors_aux
                0x001008dc       0x50 C:/devkitPro/devkitARM/bin/../lib/gcc/arm-none-eabi/15.2.0/armv6k/fpu/crtbegin.o
 .text.frame_dummy
                0x0010092c       0x2c C:/devkitPro/devkitARM/bin/../lib/gcc/arm-none-eabi/15.2.0/armv6k/fpu/crtbegin.o
 .text.saveSettings
                0x00100958       0xb8 main.o
 .text.ledApplySetting.isra.0
                0x00100a10       0xc8 main.o
 .text.doUndo   0x00100ad8      0x18c main.o
 .text.applyLED
                0x00100c64      0x148 main.o
 .text.applyOff
                0x00100dac       0xd4 main.o
 .text.startup.main
                0x00100e80      0xf1c main.o
                0x00100e80                main
 .text.C2Di_FrameEndHook
                0x00101d9c       0x44 C:/devkitPro/libctru/lib\libcitro2d.a(base.o)
 .text.C2D_Init
                0x00101de0      0x368 C:/devkitPro/libctru/lib\libcitro2d.a(base.o)
                0x00101de0                C2D_Init
 .text.C2D_Fini
                0x00102148       0x4c C:/devkitPro/libctru/lib\libcitro2d.a(base.o)
                0x00102148                C2D_Fini
 .text.C2D_Prepare
                0x00102194       0xbc C:/devkitPro/libctru/lib\libcitro2d.a(base.o)
                0x00102194                C2D_Prepare
 .text.C2D_Flush
                0x00102250       0x48 C:/devkitPro/libctru/lib\libcitro2d.a(base.o)
                0x00102250                C2D_Flush
 .text.C2D_SceneSize
                0x00102298       0xfc C:/devkitPro/libctru/lib\libcitro2d.a(base.o)
                0x00102298                C2D_SceneSize
 .text.C2D_CreateScreenTarget
                0x00102394       0x60 C:/devkitPro/libctru/lib\libcitro2d.a(base.o)
                0x00102394                C2D_CreateScreenTarget
 .text.C2D_TargetClear
                0x001023f4       0x60 C:/devkitPro/libctru/lib\libcitro2d.a(base.o)
                0x001023f4                C2D_TargetClear
 .text.C2Di_AppendQuad
                0x00102454       0x54 C:/devkitPro/libctru/lib\libcitro2d.a(base.o)
                0x00102454                C2Di_AppendQuad
 .text.C2Di_Update
                0x001024a8      0x738 C:/devkitPro/libctru/lib\libcitro2d.a(base.o)
                0x001024a8                C2Di_Update
 .text.C2D_DrawRectangle
                0x00102be0      0x168 C:/devkitPro/libctru/lib\libcitro2d.a(base.o)
                0x00102be0                C2D_DrawRectangle
 .text.AttrInfo_Init
                0x00102d48       0x28 C:/devkitPro/libctru/lib\libcitro3d.a(attribs.o)
                0x00102d48                AttrInfo_Init
 .text.AttrInfo_AddLoader
                0x00102d70       0x94 C:/devkitPro/libctru/lib\libcitro3d.a(attribs.o)
                0x00102d70                AttrInfo_AddLoader
 .text.C3D_SetAttrInfo
                0x00102e04       0x54 C:/devkitPro/libctru/lib\libcitro3d.a(attribs.o)
                0x00102e04                C3D_SetAttrInfo
 .text.C3Di_AttrInfoBind
                0x00102e58       0x80 C:/devkitPro/libctru/lib\libcitro3d.a(attribs.o)
                0x00102e58                C3Di_AttrInfoBind
 .text.C3Di_LightEnvUpdate
                0x00102ed8        0x4 C:/devkitPro/libctru/lib\libcitro3d.a(base.o)
                0x00102ed8                C3Di_LightEnvUpdate
 .text.C3Di_LightEnvDirty
                0x00102edc        0x4 C:/devkitPro/libctru/lib\libcitro3d.a(base.o)
                0x00102edc                C3Di_LightEnvDirty
 .text.C3Di_AptEventHook
                0x00102ee0       0xb4 C:/devkitPro/libctru/lib\libcitro3d.a(base.o)
 .text.C3Di_GasUpdate
                0x00102f94        0x4 C:/devkitPro/libctru/lib\libcitro3d.a(base.o)
                0x00102f94                C3Di_GasUpdate
 .text.C3D_Init
                0x00102f98      0x1d0 C:/devkitPro/libctru/lib\libcitro3d.a(base.o)
                0x00102f98                C3D_Init
 .text.C3D_SetViewport
                0x00103168       0x98 C:/devkitPro/libctru/lib\libcitro3d.a(base.o)
                0x00103168                C3D_SetViewport
 .text.C3Di_UpdateContext
                0x00103200      0x4e8 C:/devkitPro/libctru/lib\libcitro3d.a(base.o)
                0x00103200                C3Di_UpdateContext
 .text.C3Di_SplitFrame
                0x001036e8       0xe0 C:/devkitPro/libctru/lib\libcitro3d.a(base.o)
                0x001036e8                C3Di_SplitFrame
 .text.C3D_Fini
                0x001037c8       0x44 C:/devkitPro/libctru/lib\libcitro3d.a(base.o)
                0x001037c8                C3D_Fini
 .text.C3D_BindProgram
                0x0010380c      0x194 C:/devkitPro/libctru/lib\libcitro3d.a(base.o)
                0x0010380c                C3D_BindProgram
 .text.BufInfo_Init
                0x001039a0       0x24 C:/devkitPro/libctru/lib\libcitro3d.a(buffers.o)
                0x001039a0                BufInfo_Init
 .text.BufInfo_Add
                0x001039c4       0x80 C:/devkitPro/libctru/lib\libcitro3d.a(buffers.o)
                0x001039c4                BufInfo_Add
 .text.C3D_SetBufInfo
                0x00103a44       0x3c C:/devkitPro/libctru/lib\libcitro3d.a(buffers.o)
                0x00103a44                C3D_SetBufInfo
 .text.C3Di_BufInfoBind
                0x00103a80       0x48 C:/devkitPro/libctru/lib\libcitro3d.a(buffers.o)
                0x00103a80                C3Di_BufInfoBind
 .text.C3D_DrawElements
                0x00103ac8      0x21c C:/devkitPro/libctru/lib\libcitro3d.a(drawElements.o)
                0x00103ac8                C3D_DrawElements
 .text.C3D_DepthMap
                0x00103ce4       0x40 C:/devkitPro/libctru/lib\libcitro3d.a(effect.o)
                0x00103ce4                C3D_DepthMap
 .text.C3D_CullFace
                0x00103d24       0x1c C:/devkitPro/libctru/lib\libcitro3d.a(effect.o)
                0x00103d24                C3D_CullFace
 .text.C3D_StencilTest
                0x00103d40       0x40 C:/devkitPro/libctru/lib\libcitro3d.a(effect.o)
                0x00103d40                C3D_StencilTest
 .text.C3D_StencilOp
                0x00103d80       0x24 C:/devkitPro/libctru/lib\libcitro3d.a(effect.o)
                0x00103d80                C3D_StencilOp
 .text.C3D_BlendingColor
                0x00103da4       0x1c C:/devkitPro/libctru/lib\libcitro3d.a(effect.o)
                0x00103da4                C3D_BlendingColor
 .text.C3D_EarlyDepthTest
                0x00103dc0       0x24 C:/devkitPro/libctru/lib\libcitro3d.a(effect.o)
                0x00103dc0                C3D_EarlyDepthTest
 .text.C3D_DepthTest
                0x00103de4       0x2c C:/devkitPro/libctru/lib\libcitro3d.a(effect.o)
                0x00103de4                C3D_DepthTest
 .text.C3D_AlphaTest
                0x00103e10       0x2c C:/devkitPro/libctru/lib\libcitro3d.a(effect.o)
                0x00103e10                C3D_AlphaTest
 .text.C3D_AlphaBlend
                0x00103e3c       0x50 C:/devkitPro/libctru/lib\libcitro3d.a(effect.o)
                0x00103e3c                C3D_AlphaBlend
 .text.C3D_FragOpMode
                0x00103e8c       0x30 C:/devkitPro/libctru/lib\libcitro3d.a(effect.o)
                0x00103e8c                C3D_FragOpMode
 .text.C3D_FragOpShadow
                0x00103ebc       0x44 C:/devkitPro/libctru/lib\libcitro3d.a(effect.o)
                0x00103ebc                C3D_FragOpShadow
 .text.C3Di_EffectBind
                0x00103f00      0x1ac C:/devkitPro/libctru/lib\libcitro3d.a(effect.o)
                0x00103f00                C3Di_EffectBind
 .text.C3D_CalcColorBufSize
                0x001040ac       0x1c C:/devkitPro/libctru/lib\libcitro3d.a(framebuffer.o)
                0x001040ac                C3D_CalcColorBufSize
 .text.C3D_CalcDepthBufSize
                0x001040c8       0x1c C:/devkitPro/libctru/lib\libcitro3d.a(framebuffer.o)
                0x001040c8                C3D_CalcDepthBufSize
 .text.C3D_SetFrameBuf
                0x001040e4       0x44 C:/devkitPro/libctru/lib\libcitro3d.a(framebuffer.o)
                0x001040e4                C3D_SetFrameBuf
 .text.C3Di_FrameBufBind
                0x00104128      0x16c C:/devkitPro/libctru/lib\libcitro3d.a(framebuffer.o)
                0x00104128                C3Di_FrameBufBind
 .text.C3D_FrameBufClear
                0x00104294       0xc8 C:/devkitPro/libctru/lib\libcitro3d.a(framebuffer.o)
                0x00104294                C3D_FrameBufClear
 .text.C3D_FrameBufTransfer
                0x0010435c       0x44 C:/devkitPro/libctru/lib\libcitro3d.a(framebuffer.o)
                0x0010435c                C3D_FrameBufTransfer
 .text.C3D_ImmSendAttrib
                0x001043a0       0xa8 C:/devkitPro/libctru/lib\libcitro3d.a(immediate.o)
                0x001043a0                C3D_ImmSendAttrib
 .text.C3D_ProcTexInit
                0x00104448       0x70 C:/devkitPro/libctru/lib\libcitro3d.a(proctex.o)
                0x00104448                C3D_ProcTexInit
 .text.C3D_ProcTexBind
                0x001044b8       0x54 C:/devkitPro/libctru/lib\libcitro3d.a(proctex.o)
                0x001044b8                C3D_ProcTexBind
 .text.C3D_ProcTexLutBind
                0x0010450c       0x5c C:/devkitPro/libctru/lib\libcitro3d.a(proctex.o)
                0x0010450c                C3D_ProcTexLutBind
 .text.ProcTexLut_FromArray
                0x00104568       0xa4 C:/devkitPro/libctru/lib\libcitro3d.a(proctex.o)
                0x00104568                ProcTexLut_FromArray
 .text.C3Di_ProcTexUpdate
                0x0010460c      0x178 C:/devkitPro/libctru/lib\libcitro3d.a(proctex.o)
                0x0010460c                C3Di_ProcTexUpdate
 .text.C3Di_ProcTexDirty
                0x00104784       0x68 C:/devkitPro/libctru/lib\libcitro3d.a(proctex.o)
                0x00104784                C3Di_ProcTexDirty
 .text.onVBlank0
                0x001047ec       0x4c C:/devkitPro/libctru/lib\libcitro3d.a(renderqueue.o)
 .text.onVBlank1
                0x00104838       0x4c C:/devkitPro/libctru/lib\libcitro3d.a(renderqueue.o)
 .text.C3Di_RenderTargetDestroy
                0x00104884       0x80 C:/devkitPro/libctru/lib\libcitro3d.a(renderqueue.o)
 .text.onQueueFinish
                0x00104904       0xf4 C:/devkitPro/libctru/lib\libcitro3d.a(renderqueue.o)
 .text.C3Di_RenderQueueEnableVBlank
                0x001049f8       0x38 C:/devkitPro/libctru/lib\libcitro3d.a(renderqueue.o)
                0x001049f8                C3Di_RenderQueueEnableVBlank
 .text.C3Di_RenderQueueDisableVBlank
                0x00104a30       0x30 C:/devkitPro/libctru/lib\libcitro3d.a(renderqueue.o)
                0x00104a30                C3Di_RenderQueueDisableVBlank
 .text.C3Di_RenderQueueInit
                0x00104a60       0x60 C:/devkitPro/libctru/lib\libcitro3d.a(renderqueue.o)
                0x00104a60                C3Di_RenderQueueInit
 .text.C3Di_RenderQueueExit
                0x00104ac0       0xb4 C:/devkitPro/libctru/lib\libcitro3d.a(renderqueue.o)
                0x00104ac0                C3Di_RenderQueueExit
 .text.C3Di_RenderQueueWaitDone
                0x00104b74       0x34 C:/devkitPro/libctru/lib\libcitro3d.a(renderqueue.o)
                0x00104b74                C3Di_RenderQueueWaitDone
 .text.C3D_FrameBegin
                0x00104ba8       0xe8 C:/devkitPro/libctru/lib\libcitro3d.a(renderqueue.o)
                0x00104ba8                C3D_FrameBegin
 .text.C3D_FrameDrawOn
                0x00104c90       0x48 C:/devkitPro/libctru/lib\libcitro3d.a(renderqueue.o)
                0x00104c90                C3D_FrameDrawOn
 .text.C3D_FrameSplit
                0x00104cd8       0x58 C:/devkitPro/libctru/lib\libcitro3d.a(renderqueue.o)
                0x00104cd8                C3D_FrameSplit
 .text.C3D_FrameEnd
                0x00104d30      0x1d0 C:/devkitPro/libctru/lib\libcitro3d.a(renderqueue.o)
                0x00104d30                C3D_FrameEnd
 .text.C3D_FrameEndHook
                0x00104f00       0x1c C:/devkitPro/libctru/lib\libcitro3d.a(renderqueue.o)
                0x00104f00                C3D_FrameEndHook
 .text.C3D_RenderTargetCreate
                0x00104f1c      0x170 C:/devkitPro/libctru/lib\libcitro3d.a(renderqueue.o)
                0x00104f1c                C3D_RenderTargetCreate
 .text.C3D_RenderTargetSetOutput
                0x0010508c       0xa8 C:/devkitPro/libctru/lib\libcitro3d.a(renderqueue.o)
                0x0010508c                C3D_RenderTargetSetOutput
 .text.C3D_GetTexEnv
                0x00105134       0x34 C:/devkitPro/libctru/lib\libcitro3d.a(texenv.o)
                0x00105134                C3D_GetTexEnv
 .text.C3Di_TexEnvBind
                0x00105168       0x24 C:/devkitPro/libctru/lib\libcitro3d.a(texenv.o)
                0x00105168                C3Di_TexEnvBind
 .text.C3D_TexBind
                0x0010518c       0x44 C:/devkitPro/libctru/lib\libcitro3d.a(texture.o)
                0x0010518c                C3D_TexBind
 .text.C3Di_SetTex
                0x001051d0      0x14c C:/devkitPro/libctru/lib\libcitro3d.a(texture.o)
                0x001051d0                C3Di_SetTex
 .text.C3D_UpdateUniforms
                0x0010531c      0x290 C:/devkitPro/libctru/lib\libcitro3d.a(uniforms.o)
                0x0010531c                C3D_UpdateUniforms
 .text.C3Di_DirtyUniforms
                0x001055ac       0xc0 C:/devkitPro/libctru/lib\libcitro3d.a(uniforms.o)
                0x001055ac                C3Di_DirtyUniforms
 .text.C3Di_LoadShaderUniforms
                0x0010566c       0xd8 C:/devkitPro/libctru/lib\libcitro3d.a(uniforms.o)
                0x0010566c                C3Di_LoadShaderUniforms
 .text.C3Di_ClearShaderUniforms
                0x00105744       0x28 C:/devkitPro/libctru/lib\libcitro3d.a(uniforms.o)
                0x00105744                C3Di_ClearShaderUniforms
 .text.Mtx_Ortho
                0x0010576c       0xcc C:/devkitPro/libctru/lib\libcitro3d.a(mtx_ortho.o)
                0x0010576c                Mtx_Ortho
 .text.Mtx_OrthoTilt
                0x00105838       0xcc C:/devkitPro/libctru/lib\libcitro3d.a(mtx_orthotilt.o)
                0x00105838                Mtx_OrthoTilt
 .text._ZL21addrMapNodeComparatorPK11rbtree_nodeS1_
                0x00105904       0x24 C:/devkitPro/libctru/lib\libctru.a(linear.o)
 .text._ZL21addrMapNodeDestructorP11rbtree_node
                0x00105928        0x4 C:/devkitPro/libctru/lib\libctru.a(linear.o)
 .text.linearMemAlign
                0x0010592c      0x12c C:/devkitPro/libctru/lib\libctru.a(linear.o)
                0x0010592c                linearMemAlign
 .text.linearAlloc
                0x00105a58        0x8 C:/devkitPro/libctru/lib\libctru.a(linear.o)
                0x00105a58                linearAlloc
 .text.linearFree
                0x00105a60       0x5c C:/devkitPro/libctru/lib\libctru.a(linear.o)
                0x00105a60                linearFree
 .text._ZN7MemPool13CoalesceRightEP8MemBlock
                0x00105abc       0x88 C:/devkitPro/libctru/lib\libctru.a(mem_pool.o)
                0x00105abc                _ZN7MemPool13CoalesceRightEP8MemBlock
 .text._ZN7MemPool8AllocateER8MemChunkmi
                0x00105b44      0x178 C:/devkitPro/libctru/lib\libctru.a(mem_pool.o)
                0x00105b44                _ZN7MemPool8AllocateER8MemChunkmi
 .text._ZN7MemPool10DeallocateERK8MemChunk
                0x00105cbc      0x118 C:/devkitPro/libctru/lib\libctru.a(mem_pool.o)
                0x00105cbc                _ZN7MemPool10DeallocateERK8MemChunk
 .text._ZN7MemPool12GetFreeSpaceEv
                0x00105dd4       0x30 C:/devkitPro/libctru/lib\libctru.a(mem_pool.o)
                0x00105dd4                _ZN7MemPool12GetFreeSpaceEv
 .text._ZL21addrMapNodeComparatorPK11rbtree_nodeS1_
                0x00105e04       0x24 C:/devkitPro/libctru/lib\libctru.a(vram.o)
 .text._ZL21addrMapNodeDestructorP11rbtree_node
                0x00105e28        0x4 C:/devkitPro/libctru/lib\libctru.a(vram.o)
 .text.vramMemAlignAt
                0x00105e2c      0x248 C:/devkitPro/libctru/lib\libctru.a(vram.o)
                0x00105e2c                vramMemAlignAt
 .text.vramAlloc
                0x00106074        0xc C:/devkitPro/libctru/lib\libctru.a(vram.o)
                0x00106074                vramAlloc
 .text.vramAllocAt
                0x00106080        0xc C:/devkitPro/libctru/lib\libctru.a(vram.o)
                0x00106080                vramAllocAt
 .text.vramFree
                0x0010608c       0x94 C:/devkitPro/libctru/lib\libctru.a(vram.o)
                0x0010608c                vramFree
 .text.gfxPresentFramebuffer
                0x00106120       0xcc C:/devkitPro/libctru/lib\libctru.a(gfx.o)
 .text.gfxIsWide
                0x001061ec       0x1c C:/devkitPro/libctru/lib\libctru.a(gfx.o)
                0x001061ec                gfxIsWide
 .text.gfxSetScreenFormat
                0x00106208       0xf8 C:/devkitPro/libctru/lib\libctru.a(gfx.o)
                0x00106208                gfxSetScreenFormat
 .text.gfxInit  0x00106300       0xd8 C:/devkitPro/libctru/lib\libctru.a(gfx.o)
                0x00106300                gfxInit
 .text.gfxInitDefault
                0x001063d8       0x10 C:/devkitPro/libctru/lib\libctru.a(gfx.o)
                0x001063d8                gfxInitDefault
 .text.gfxExit  0x001063e8       0xb8 C:/devkitPro/libctru/lib\libctru.a(gfx.o)
                0x001063e8                gfxExit
 .text.gfxGetFramebuffer
                0x001064a0       0xa0 C:/devkitPro/libctru/lib\libctru.a(gfx.o)
                0x001064a0                gfxGetFramebuffer
 .text.gfxScreenSwapBuffers
                0x00106540       0x28 C:/devkitPro/libctru/lib\libctru.a(gfx.o)
                0x00106540                gfxScreenSwapBuffers
 .text.osConvertVirtToPhys
                0x00106568       0x74 C:/devkitPro/libctru/lib\libctru.a(os.o)
                0x00106568                osConvertVirtToPhys
 .text.__ctru_speedup_config
                0x001065dc       0x34 C:/devkitPro/libctru/lib\libctru.a(os.o)
                0x001065dc                __ctru_speedup_config
 .text.GPUCMD_Add
                0x00106610      0x13c C:/devkitPro/libctru/lib\libctru.a(gpu.o)
                0x00106610                GPUCMD_Add
 .text.GPUCMD_Split
                0x0010674c       0xb0 C:/devkitPro/libctru/lib\libctru.a(gpu.o)
                0x0010674c                GPUCMD_Split
 .text.f32tof16
                0x001067fc       0x34 C:/devkitPro/libctru/lib\libctru.a(gpu.o)
                0x001067fc                f32tof16
 .text.f32tof24
                0x00106830       0x34 C:/devkitPro/libctru/lib\libctru.a(gpu.o)
                0x00106830                f32tof24
 .text.f32tof31
                0x00106864       0x38 C:/devkitPro/libctru/lib\libctru.a(gpu.o)
                0x00106864                f32tof31
 .text.GX_BindQueue
                0x0010689c       0x10 C:/devkitPro/libctru/lib\libctru.a(gx.o)
                0x0010689c                GX_BindQueue
 .text.GX_ProcessCommandList
                0x001068ac       0x7c C:/devkitPro/libctru/lib\libctru.a(gx.o)
                0x001068ac                GX_ProcessCommandList
 .text.GX_MemoryFill
                0x00106928       0x74 C:/devkitPro/libctru/lib\libctru.a(gx.o)
                0x00106928                GX_MemoryFill
 .text.GX_DisplayTransfer
                0x0010699c       0x74 C:/devkitPro/libctru/lib\libctru.a(gx.o)
                0x0010699c                GX_DisplayTransfer
 .text.gxCmdQueueDoCommands.part.0
                0x00106a10       0x64 C:/devkitPro/libctru/lib\libctru.a(gxqueue.o)
 .text.gxCmdQueueInterrupt
                0x00106a74       0xe4 C:/devkitPro/libctru/lib\libctru.a(gxqueue.o)
                0x00106a74                gxCmdQueueInterrupt
 .text.gxCmdQueueClear
                0x00106b58       0x68 C:/devkitPro/libctru/lib\libctru.a(gxqueue.o)
                0x00106b58                gxCmdQueueClear
 .text.gxCmdQueueAdd
                0x00106bc0      0x108 C:/devkitPro/libctru/lib\libctru.a(gxqueue.o)
                0x00106bc0                gxCmdQueueAdd
 .text.gxCmdQueueRun
                0x00106cc8       0x80 C:/devkitPro/libctru/lib\libctru.a(gxqueue.o)
                0x00106cc8                gxCmdQueueRun
 .text.gxCmdQueueStop
                0x00106d48       0x64 C:/devkitPro/libctru/lib\libctru.a(gxqueue.o)
                0x00106d48                gxCmdQueueStop
 .text.gxCmdQueueWait
                0x00106dac       0xac C:/devkitPro/libctru/lib\libctru.a(gxqueue.o)
                0x00106dac                gxCmdQueueWait
 .text.shaderInstanceInit
                0x00106e58      0x1e0 C:/devkitPro/libctru/lib\libctru.a(shaderProgram.o)
                0x00106e58                shaderInstanceInit
 .text.shaderInstanceGetUniformLocation
                0x00107038       0x18 C:/devkitPro/libctru/lib\libctru.a(shaderProgram.o)
                0x00107038                shaderInstanceGetUniformLocation
 .text.shaderProgramInit
                0x00107050       0x1c C:/devkitPro/libctru/lib\libctru.a(shaderProgram.o)
                0x00107050                shaderProgramInit
 .text.shaderProgramFree
                0x0010706c       0x74 C:/devkitPro/libctru/lib\libctru.a(shaderProgram.o)
                0x0010706c                shaderProgramFree
 .text.shaderProgramSetVsh
                0x001070e0       0x94 C:/devkitPro/libctru/lib\libctru.a(shaderProgram.o)
                0x001070e0                shaderProgramSetVsh
 .text.shaderProgramConfigure
                0x00107174      0x8d0 C:/devkitPro/libctru/lib\libctru.a(shaderProgram.o)
                0x00107174                shaderProgramConfigure
 .text.DVLE_GenerateOutmap.part.0
                0x00107a44      0x1dc C:/devkitPro/libctru/lib\libctru.a(shbin.o)
 .text.DVLB_ParseFile
                0x00107c20      0x1ac C:/devkitPro/libctru/lib\libctru.a(shbin.o)
                0x00107c20                DVLB_ParseFile
 .text.DVLB_Free
                0x00107dcc       0x50 C:/devkitPro/libctru/lib\libctru.a(shbin.o)
                0x00107dcc                DVLB_Free
 .text.DVLE_GetUniformRegister
                0x00107e1c       0x74 C:/devkitPro/libctru/lib\libctru.a(shbin.o)
                0x00107e1c                DVLE_GetUniformRegister
 .text.aptConvertScreenForCapture
                0x00107e90      0x180 C:/devkitPro/libctru/lib\libctru.a(apt.o)
 .text.aptDspSleep
                0x00108010        0x8 C:/devkitPro/libctru/lib\libctru.a(apt.o)
                0x00108010                aptDspSleep
 .text.aptDspWakeup
                0x00108018        0x4 C:/devkitPro/libctru/lib\libctru.a(apt.o)
                0x00108018                aptDspWakeup
 .text.aptDspCancel
                0x0010801c        0x4 C:/devkitPro/libctru/lib\libctru.a(apt.o)
                0x0010801c                aptDspCancel
 .text.aptSendCommand
                0x00108020      0x138 C:/devkitPro/libctru/lib\libctru.a(apt.o)
                0x00108020                aptSendCommand
 .text.aptExitProcess
                0x00108158       0x44 C:/devkitPro/libctru/lib\libctru.a(apt.o)
 .text.aptExit  0x0010819c      0x394 C:/devkitPro/libctru/lib\libctru.a(apt.o)
                0x0010819c                aptExit
 .text.aptHandleSleep
                0x00108530       0xd8 C:/devkitPro/libctru/lib\libctru.a(apt.o)
                0x00108530                aptHandleSleep
 .text.aptHook  0x00108608       0x34 C:/devkitPro/libctru/lib\libctru.a(apt.o)
                0x00108608                aptHook
 .text.aptUnhook
                0x0010863c       0x30 C:/devkitPro/libctru/lib\libctru.a(apt.o)
                0x0010863c                aptUnhook
 .text.APT_SleepIfShellClosed
                0x0010866c       0x84 C:/devkitPro/libctru/lib\libctru.a(apt.o)
                0x0010866c                APT_SleepIfShellClosed
 .text.aptSetSleepAllowed
                0x001086f0       0x78 C:/devkitPro/libctru/lib\libctru.a(apt.o)
                0x001086f0                aptSetSleepAllowed
 .text.APT_UnlockTransition
                0x00108768       0x84 C:/devkitPro/libctru/lib\libctru.a(apt.o)
                0x00108768                APT_UnlockTransition
 *fill*         0x001087ec        0x4 
 .text.aptEventHandler
                0x001087f0      0x470 C:/devkitPro/libctru/lib\libctru.a(apt.o)
 .text.APT_ReceiveParameter
                0x00108c60       0xbc C:/devkitPro/libctru/lib\libctru.a(apt.o)
                0x00108c60                APT_ReceiveParameter
 .text.aptReceiveParameter.constprop.0
                0x00108d1c       0xb0 C:/devkitPro/libctru/lib\libctru.a(apt.o)
 *fill*         0x00108dcc        0x4 
 .text.aptScreenTransfer
                0x00108dd0      0x294 C:/devkitPro/libctru/lib\libctru.a(apt.o)
 .text.aptWaitForWakeUp.isra.0
                0x00109064      0x2d0 C:/devkitPro/libctru/lib\libctru.a(apt.o)
 .text.aptJumpToHomeMenu
                0x00109334       0xf4 C:/devkitPro/libctru/lib\libctru.a(apt.o)
                0x00109334                aptJumpToHomeMenu
 .text.aptMainLoop
                0x00109428       0x58 C:/devkitPro/libctru/lib\libctru.a(apt.o)
                0x00109428                aptMainLoop
 .text.aptInit  0x00109480      0x240 C:/devkitPro/libctru/lib\libctru.a(apt.o)
                0x00109480                aptInit
 .text.APT_CheckNew3DS
                0x001096c0       0x90 C:/devkitPro/libctru/lib\libctru.a(apt.o)
                0x001096c0                APT_CheckNew3DS
 .text.gspHardwareInit
                0x00109750      0xc70 C:/devkitPro/libctru/lib\libctru.a(gspgpu.o)
 .text.gspInit  0x0010a3c0      0x288 C:/devkitPro/libctru/lib\libctru.a(gspgpu.o)
                0x0010a3c0                gspInit
 .text.gspExit  0x0010a648      0x104 C:/devkitPro/libctru/lib\libctru.a(gspgpu.o)
                0x0010a648                gspExit
 .text.gspHasGpuRight
                0x0010a74c       0x10 C:/devkitPro/libctru/lib\libctru.a(gspgpu.o)
                0x0010a74c                gspHasGpuRight
 .text.gspPresentBuffer
                0x0010a75c       0xa4 C:/devkitPro/libctru/lib\libctru.a(gspgpu.o)
                0x0010a75c                gspPresentBuffer
 .text.gspSetEventCallback
                0x0010a800       0x30 C:/devkitPro/libctru/lib\libctru.a(gspgpu.o)
                0x0010a800                gspSetEventCallback
 .text.gspWaitForEvent
                0x0010a830       0x50 C:/devkitPro/libctru/lib\libctru.a(gspgpu.o)
                0x0010a830                gspWaitForEvent
 .text.gspWaitForAnyEvent
                0x0010a880       0x4c C:/devkitPro/libctru/lib\libctru.a(gspgpu.o)
                0x0010a880                gspWaitForAnyEvent
 .text.gspEventThreadMain
                0x0010a8cc      0x154 C:/devkitPro/libctru/lib\libctru.a(gspgpu.o)
 .text.gspSubmitGxCommand
                0x0010aa20      0x12c C:/devkitPro/libctru/lib\libctru.a(gspgpu.o)
                0x0010aa20                gspSubmitGxCommand
 .text.GSPGPU_FlushDataCache
                0x0010ab4c       0x50 C:/devkitPro/libctru/lib\libctru.a(gspgpu.o)
                0x0010ab4c                GSPGPU_FlushDataCache
 .text.GSPGPU_SetLcdForceBlack
                0x0010ab9c       0x34 C:/devkitPro/libctru/lib\libctru.a(gspgpu.o)
                0x0010ab9c                GSPGPU_SetLcdForceBlack
 .text.GSPGPU_AcquireRight
                0x0010abd0       0x84 C:/devkitPro/libctru/lib\libctru.a(gspgpu.o)
                0x0010abd0                GSPGPU_AcquireRight
 .text.GSPGPU_ReleaseRight
                0x0010ac54       0x64 C:/devkitPro/libctru/lib\libctru.a(gspgpu.o)
                0x0010ac54                GSPGPU_ReleaseRight
 .text.GSPGPU_ImportDisplayCaptureInfo
                0x0010acb8       0x7c C:/devkitPro/libctru/lib\libctru.a(gspgpu.o)
                0x0010acb8                GSPGPU_ImportDisplayCaptureInfo
 .text.GSPGPU_SaveVramSysArea
                0x0010ad34       0x2c C:/devkitPro/libctru/lib\libctru.a(gspgpu.o)
                0x0010ad34                GSPGPU_SaveVramSysArea
 .text.GSPGPU_RestoreVramSysArea
                0x0010ad60       0x2c C:/devkitPro/libctru/lib\libctru.a(gspgpu.o)
                0x0010ad60                GSPGPU_RestoreVramSysArea
 .text.hidShouldUseIrrst
                0x0010ad8c       0x24 C:/devkitPro/libctru/lib\libctru.a(hid.o)
                0x0010ad8c                hidShouldUseIrrst
 .text.hidInit  0x0010adb0      0x1cc C:/devkitPro/libctru/lib\libctru.a(hid.o)
                0x0010adb0                hidInit
 .text.hidExit  0x0010af7c       0xe8 C:/devkitPro/libctru/lib\libctru.a(hid.o)
                0x0010af7c                hidExit
 .text.hidScanInput
                0x0010b064      0x2a0 C:/devkitPro/libctru/lib\libctru.a(hid.o)
                0x0010b064                hidScanInput
 .text.hidKeysHeld
                0x0010b304       0x10 C:/devkitPro/libctru/lib\libctru.a(hid.o)
                0x0010b304                hidKeysHeld
 .text.hidKeysDown
                0x0010b314       0x10 C:/devkitPro/libctru/lib\libctru.a(hid.o)
                0x0010b314                hidKeysDown
 .text.hidTouchRead
                0x0010b324       0x18 C:/devkitPro/libctru/lib\libctru.a(hid.o)
                0x0010b324                hidTouchRead
 .text.irrstInit
                0x0010b33c      0x1a4 C:/devkitPro/libctru/lib\libctru.a(irrst.o)
                0x0010b33c                irrstInit
 .text.irrstExit
                0x0010b4e0       0xdc C:/devkitPro/libctru/lib\libctru.a(irrst.o)
                0x0010b4e0                irrstExit
 .text.irrstScanInput
                0x0010b5bc       0xb4 C:/devkitPro/libctru/lib\libctru.a(irrst.o)
                0x0010b5bc                irrstScanInput
 .text.irrstKeysHeld
                0x0010b670       0x24 C:/devkitPro/libctru/lib\libctru.a(irrst.o)
                0x0010b670                irrstKeysHeld
 .text.mcuHwcInit
                0x0010b694       0x78 C:/devkitPro/libctru/lib\libctru.a(mcuhwc.o)
                0x0010b694                mcuHwcInit
 .text.mcuHwcExit
                0x0010b70c       0x3c C:/devkitPro/libctru/lib\libctru.a(mcuhwc.o)
                0x0010b70c                mcuHwcExit
 .text.MCUHWC_SetInfoLedPattern
                0x0010b748      0x100 C:/devkitPro/libctru/lib\libctru.a(mcuhwc.o)
                0x0010b748                MCUHWC_SetInfoLedPattern
 .text.ptmSysmInit
                0x0010b848       0x78 C:/devkitPro/libctru/lib\libctru.a(ptmsysm.o)
                0x0010b848                ptmSysmInit
 .text.ptmSysmExit
                0x0010b8c0       0x3c C:/devkitPro/libctru/lib\libctru.a(ptmsysm.o)
                0x0010b8c0                ptmSysmExit
 .text.PTMSYSM_ConfigureNew3DSCPU
                0x0010b8fc       0x34 C:/devkitPro/libctru/lib\libctru.a(ptmsysm.o)
                0x0010b8fc                PTMSYSM_ConfigureNew3DSCPU
 .text.rbtree_find
                0x0010b930       0x74 C:/devkitPro/libctru/lib\libctru.a(rbtree_find.o)
                0x0010b930                rbtree_find
 .text.rbtree_init
                0x0010b9a4       0x10 C:/devkitPro/libctru/lib\libctru.a(rbtree_init.o)
                0x0010b9a4                rbtree_init
 .text.do_insert
                0x0010b9b4      0x198 C:/devkitPro/libctru/lib\libctru.a(rbtree_insert.o)
 .text.rbtree_insert
                0x0010bb4c        0x8 C:/devkitPro/libctru/lib\libctru.a(rbtree_insert.o)
                0x0010bb4c                rbtree_insert
 .text.rbtree_remove
                0x0010bb54      0x310 C:/devkitPro/libctru/lib\libctru.a(rbtree_remove.o)
                0x0010bb54                rbtree_remove
 .text.rbtree_rotate
                0x0010be64       0x90 C:/devkitPro/libctru/lib\libctru.a(rbtree_rotate.o)
                0x0010be64                rbtree_rotate
 *fill*         0x0010bef4        0x4 
 .text.__system_allocateHeaps
                0x0010bef8      0x1e8 C:/devkitPro/libctru/lib\libctru.a(allocateHeaps.o)
                0x0010bef8                __system_allocateHeaps
 .text.__libctru_init
                0x0010c0e0       0x38 C:/devkitPro/libctru/lib\libctru.a(ctru_init.o)
                0x0010c0e0                __libctru_init
 .text.__system_initArgv
                0x0010c118      0x16c C:/devkitPro/libctru/lib\libctru.a(initArgv.o)
                0x0010c118                __system_initArgv
 .text.__syscall_getreent
                0x0010c284       0x30 C:/devkitPro/libctru/lib\libctru.a(syscalls.o)
                0x0010c284                __syscall_getreent
 .text.__syscall_lock_acquire
                0x0010c2b4        0x4 C:/devkitPro/libctru/lib\libctru.a(syscalls.o)
                0x0010c2b4                __syscall_lock_acquire
 .text.__syscall_lock_release
                0x0010c2b8        0x4 C:/devkitPro/libctru/lib\libctru.a(syscalls.o)
                0x0010c2b8                __syscall_lock_release
 .text.__syscall_lock_acquire_recursive
                0x0010c2bc        0x4 C:/devkitPro/libctru/lib\libctru.a(syscalls.o)
                0x0010c2bc                __syscall_lock_acquire_recursive
 .text.__syscall_lock_release_recursive
                0x0010c2c0        0x4 C:/devkitPro/libctru/lib\libctru.a(syscalls.o)
                0x0010c2c0                __syscall_lock_release_recursive
 .text.__syscall_exit
                0x0010c2c4        0x4 C:/devkitPro/libctru/lib\libctru.a(syscalls.o)
                0x0010c2c4                __syscall_exit
 .text.initThreadVars
                0x0010c2c8       0x54 C:/devkitPro/libctru/lib\libctru.a(syscalls.o)
                0x0010c2c8                initThreadVars
 .text.__system_initSyscalls
                0x0010c31c       0x80 C:/devkitPro/libctru/lib\libctru.a(syscalls.o)
                0x0010c31c                __system_initSyscalls
 .text.svcControlMemory
                0x0010c39c       0x20 C:/devkitPro/libctru/lib\libctru.a(svc.o)
                0x0010c39c                svcControlMemory
 .text.svcQueryMemory
                0x0010c3bc       0x30 C:/devkitPro/libctru/lib\libctru.a(svc.o)
                0x0010c3bc                svcQueryMemory
 .text.svcExitProcess
                0x0010c3ec        0x8 C:/devkitPro/libctru/lib\libctru.a(svc.o)
                0x0010c3ec                svcExitProcess
 .text.svcCreateThread
                0x0010c3f4       0x20 C:/devkitPro/libctru/lib\libctru.a(svc.o)
                0x0010c3f4                svcCreateThread
 .text.svcExitThread
                0x0010c414        0x8 C:/devkitPro/libctru/lib\libctru.a(svc.o)
                0x0010c414                svcExitThread
 .text.svcSleepThread
                0x0010c41c        0x8 C:/devkitPro/libctru/lib\libctru.a(svc.o)
                0x0010c41c                svcSleepThread
 .text.svcReleaseMutex
                0x0010c424        0x8 C:/devkitPro/libctru/lib\libctru.a(svc.o)
                0x0010c424                svcReleaseMutex
 .text.svcCreateEvent
                0x0010c42c       0x14 C:/devkitPro/libctru/lib\libctru.a(svc.o)
                0x0010c42c                svcCreateEvent
 .text.svcSignalEvent
                0x0010c440        0x8 C:/devkitPro/libctru/lib\libctru.a(svc.o)
                0x0010c440                svcSignalEvent
 .text.svcClearEvent
                0x0010c448        0x8 C:/devkitPro/libctru/lib\libctru.a(svc.o)
                0x0010c448                svcClearEvent
 .text.svcMapMemoryBlock
                0x0010c450        0x8 C:/devkitPro/libctru/lib\libctru.a(svc.o)
                0x0010c450                svcMapMemoryBlock
 .text.svcUnmapMemoryBlock
                0x0010c458        0x8 C:/devkitPro/libctru/lib\libctru.a(svc.o)
                0x0010c458                svcUnmapMemoryBlock
 .text.svcCreateAddressArbiter
                0x0010c460       0x14 C:/devkitPro/libctru/lib\libctru.a(svc.o)
                0x0010c460                svcCreateAddressArbiter
 .text.svcArbitrateAddressNoTimeout
                0x0010c474        0x8 C:/devkitPro/libctru/lib\libctru.a(svc.o)
                0x0010c474                svcArbitrateAddressNoTimeout
 .text.svcCloseHandle
                0x0010c47c        0x8 C:/devkitPro/libctru/lib\libctru.a(svc.o)
                0x0010c47c                svcCloseHandle
 .text.svcWaitSynchronization
                0x0010c484        0x8 C:/devkitPro/libctru/lib\libctru.a(svc.o)
                0x0010c484                svcWaitSynchronization
 .text.svcWaitSynchronizationN
                0x0010c48c       0x28 C:/devkitPro/libctru/lib\libctru.a(svc.o)
                0x0010c48c                svcWaitSynchronizationN
 .text.svcDuplicateHandle
                0x0010c4b4       0x14 C:/devkitPro/libctru/lib\libctru.a(svc.o)
                0x0010c4b4                svcDuplicateHandle
 .text.svcGetSystemTick
                0x0010c4c8        0x8 C:/devkitPro/libctru/lib\libctru.a(svc.o)
                0x0010c4c8                svcGetSystemTick
 .text.svcConnectToPort
                0x0010c4d0       0x14 C:/devkitPro/libctru/lib\libctru.a(svc.o)
                0x0010c4d0                svcConnectToPort
 .text.svcSendSyncRequest
                0x0010c4e4        0x8 C:/devkitPro/libctru/lib\libctru.a(svc.o)
                0x0010c4e4                svcSendSyncRequest
 .text.svcGetResourceLimit
                0x0010c4ec       0x14 C:/devkitPro/libctru/lib\libctru.a(svc.o)
                0x0010c4ec                svcGetResourceLimit
 .text.svcGetResourceLimitLimitValues
                0x0010c500        0x8 C:/devkitPro/libctru/lib\libctru.a(svc.o)
                0x0010c500                svcGetResourceLimitLimitValues
 .text.svcGetResourceLimitCurrentValues
                0x0010c508        0x8 C:/devkitPro/libctru/lib\libctru.a(svc.o)
                0x0010c508                svcGetResourceLimitCurrentValues
 .text.svcBreak
                0x0010c510        0x8 C:/devkitPro/libctru/lib\libctru.a(svc.o)
                0x0010c510                svcBreak
 .text.initSystem
                0x0010c518       0x50 C:/devkitPro/libctru/lib\libctru.a(stack_adjust.o)
                0x0010c518                initSystem
 .text.__ctru_exit
                0x0010c568       0x14 C:/devkitPro/libctru/lib\libctru.a(stack_adjust.o)
                0x0010c568                __ctru_exit
 .text.envGetHandle
                0x0010c57c       0x8c C:/devkitPro/libctru/lib\libctru.a(env.o)
                0x0010c57c                envGetHandle
 .text.envDestroyHandles
                0x0010c608       0x50 C:/devkitPro/libctru/lib\libctru.a(env.o)
                0x0010c608                envDestroyHandles
 .text.srvInit  0x0010c658      0x164 C:/devkitPro/libctru/lib\libctru.a(srv.o)
                0x0010c658                srvInit
 .text.srvExit  0x0010c7bc       0x64 C:/devkitPro/libctru/lib\libctru.a(srv.o)
                0x0010c7bc                srvExit
 .text.srvEnableNotification
                0x0010c820       0x60 C:/devkitPro/libctru/lib\libctru.a(srv.o)
                0x0010c820                srvEnableNotification
 .text.srvGetServiceHandleDirect
                0x0010c880       0xa0 C:/devkitPro/libctru/lib\libctru.a(srv.o)
                0x0010c880                srvGetServiceHandleDirect
 .text.srvGetServiceHandle
                0x0010c920       0x48 C:/devkitPro/libctru/lib\libctru.a(srv.o)
                0x0010c920                srvGetServiceHandle
 .text.srvSubscribe
                0x0010c968       0x34 C:/devkitPro/libctru/lib\libctru.a(srv.o)
                0x0010c968                srvSubscribe
 .text.srvReceiveNotification
                0x0010c99c       0x60 C:/devkitPro/libctru/lib\libctru.a(srv.o)
                0x0010c99c                srvReceiveNotification
 .text.srvPublishToSubscriber
                0x0010c9fc       0x38 C:/devkitPro/libctru/lib\libctru.a(srv.o)
                0x0010c9fc                srvPublishToSubscriber
 .text.__sync_init
                0x0010ca34        0xc C:/devkitPro/libctru/lib\libctru.a(synchronization.o)
                0x0010ca34                __sync_init
 .text.__sync_fini
                0x0010ca40       0x18 C:/devkitPro/libctru/lib\libctru.a(synchronization.o)
                0x0010ca40                __sync_fini
 .text.syncArbitrateAddress
                0x0010ca58       0x28 C:/devkitPro/libctru/lib\libctru.a(synchronization.o)
                0x0010ca58                syncArbitrateAddress
 .text.LightLock_Lock
                0x0010ca80       0xac C:/devkitPro/libctru/lib\libctru.a(synchronization.o)
                0x0010ca80                LightLock_Lock
 .text.LightLock_Unlock
                0x0010cb2c       0x40 C:/devkitPro/libctru/lib\libctru.a(synchronization.o)
                0x0010cb2c                LightLock_Unlock
 .text.RecursiveLock_Lock
                0x0010cb6c       0x54 C:/devkitPro/libctru/lib\libctru.a(synchronization.o)
                0x0010cb6c                RecursiveLock_Lock
 .text.RecursiveLock_Unlock
                0x0010cbc0       0x54 C:/devkitPro/libctru/lib\libctru.a(synchronization.o)
                0x0010cbc0                RecursiveLock_Unlock
 .text.LightEvent_Init
                0x0010cc14       0x44 C:/devkitPro/libctru/lib\libctru.a(synchronization.o)
                0x0010cc14                LightEvent_Init
 .text.LightEvent_Clear
                0x0010cc58       0xb8 C:/devkitPro/libctru/lib\libctru.a(synchronization.o)
                0x0010cc58                LightEvent_Clear
 .text.LightEvent_Signal
                0x0010cd10       0xdc C:/devkitPro/libctru/lib\libctru.a(synchronization.o)
                0x0010cd10                LightEvent_Signal
 .text.LightEvent_TryWait
                0x0010cdec       0x50 C:/devkitPro/libctru/lib\libctru.a(synchronization.o)
                0x0010cdec                LightEvent_TryWait
 .text.LightEvent_Wait
                0x0010ce3c       0xac C:/devkitPro/libctru/lib\libctru.a(synchronization.o)
                0x0010ce3c                LightEvent_Wait
 .text.threadCreate
                0x0010cee8      0x1fc C:/devkitPro/libctru/lib\libctru.a(thread.o)
                0x0010cee8                threadCreate
 .text.threadFree
                0x0010d0e4       0x38 C:/devkitPro/libctru/lib\libctru.a(thread.o)
                0x0010d0e4                threadFree
 .text.threadJoin
                0x0010d11c       0x24 C:/devkitPro/libctru/lib\libctru.a(thread.o)
                0x0010d11c                threadJoin
 .text.threadGetCurrent
                0x0010d140       0x30 C:/devkitPro/libctru/lib\libctru.a(thread.o)
                0x0010d140                threadGetCurrent
 .text.threadExit
                0x0010d170       0x40 C:/devkitPro/libctru/lib\libctru.a(thread.o)
                0x0010d170                threadExit
 .text._thread_begin
                0x0010d1b0       0x20 C:/devkitPro/libctru/lib\libctru.a(thread.o)
 .text.mappableFindAddressWithin
                0x0010d1d0       0x90 C:/devkitPro/libctru/lib\libctru.a(mappable.o)
 .text.mappableInit
                0x0010d260       0x28 C:/devkitPro/libctru/lib\libctru.a(mappable.o)
                0x0010d260                mappableInit
 .text.mappableAlloc
                0x0010d288       0x7c C:/devkitPro/libctru/lib\libctru.a(mappable.o)
                0x0010d288                mappableAlloc
 .text.mappableFree
                0x0010d304        0x4 C:/devkitPro/libctru/lib\libctru.a(mappable.o)
                0x0010d304                mappableFree
 .text.srvPmGetSessionHandle
                0x0010d308        0xc C:/devkitPro/libctru/lib\libctru.a(srvpm.o)
                0x0010d308                srvPmGetSessionHandle
 .text.rbtree_node_next
                0x0010d314       0x60 C:/devkitPro/libctru/lib\libctru.a(rbtree_iterator.o)
                0x0010d314                rbtree_node_next
 .text.__appExit
                0x0010d374       0x30 C:/devkitPro/libctru/lib\libctru.a(appExit.o)
                0x0010d374                __appExit
 .text.__appInit
                0x0010d3a4       0x30 C:/devkitPro/libctru/lib\libctru.a(appInit.o)
                0x0010d3a4                __appInit
 .text.__libctru_exit
                0x0010d3d4       0x90 C:/devkitPro/libctru/lib\libctru.a(ctru_exit.o)
                0x0010d3d4                __libctru_exit
 .text.error_cmp
                0x0010d464       0x24 C:/devkitPro/libctru/lib\libctru.a(archive_dev.o)
 .text.archive_translate_error
                0x0010d488       0x50 C:/devkitPro/libctru/lib\libctru.a(archive_dev.o)
 .text.archive_seek
                0x0010d4d8       0xc0 C:/devkitPro/libctru/lib\libctru.a(archive_dev.o)
 .text._archiveInit.part.0
                0x0010d598       0x78 C:/devkitPro/libctru/lib\libctru.a(archive_dev.o)
 .text.archiveFindDevice.part.0
                0x0010d610      0x110 C:/devkitPro/libctru/lib\libctru.a(archive_dev.o)
 .text.archive_utf16path
                0x0010d720      0x298 C:/devkitPro/libctru/lib\libctru.a(archive_dev.o)
 .text._archiveUnmountDeviceStruct.part.0
                0x0010d9b8       0x98 C:/devkitPro/libctru/lib\libctru.a(archive_dev.o)
 .text._archiveMountDevice
                0x0010da50      0x178 C:/devkitPro/libctru/lib\libctru.a(archive_dev.o)
 .text.archive_diropen
                0x0010dbc8       0xf8 C:/devkitPro/libctru/lib\libctru.a(archive_dev.o)
 .text.archive_fstat
                0x0010dcc0       0xac C:/devkitPro/libctru/lib\libctru.a(archive_dev.o)
 .text.archive_fsync
                0x0010dd6c       0x74 C:/devkitPro/libctru/lib\libctru.a(archive_dev.o)
 .text.archive_close
                0x0010dde0       0x74 C:/devkitPro/libctru/lib\libctru.a(archive_dev.o)
 .text.archive_dirclose
                0x0010de54       0x78 C:/devkitPro/libctru/lib\libctru.a(archive_dev.o)
 .text.sdmc_statvfs
                0x0010decc       0xec C:/devkitPro/libctru/lib\libctru.a(archive_dev.o)
 .text.archive_chdir
                0x0010dfb8       0xf8 C:/devkitPro/libctru/lib\libctru.a(archive_dev.o)
 .text.archive_ftruncate
                0x0010e0b0       0x8c C:/devkitPro/libctru/lib\libctru.a(archive_dev.o)
 .text.archive_read
                0x0010e13c       0xbc C:/devkitPro/libctru/lib\libctru.a(archive_dev.o)
 .text.archive_unlink
                0x0010e1f8       0xa8 C:/devkitPro/libctru/lib\libctru.a(archive_dev.o)
 .text.archive_rmdir
                0x0010e2a0       0xc0 C:/devkitPro/libctru/lib\libctru.a(archive_dev.o)
 .text.archive_mkdir
                0x0010e360       0xd8 C:/devkitPro/libctru/lib\libctru.a(archive_dev.o)
 .text.archive_stat
                0x0010e438      0x1a0 C:/devkitPro/libctru/lib\libctru.a(archive_dev.o)
 .text.archive_dirnext
                0x0010e5d8      0x164 C:/devkitPro/libctru/lib\libctru.a(archive_dev.o)
 .text.archive_write
                0x0010e73c      0x13c C:/devkitPro/libctru/lib\libctru.a(archive_dev.o)
 .text.archive_open
                0x0010e878      0x254 C:/devkitPro/libctru/lib\libctru.a(archive_dev.o)
 .text.archive_rename
                0x0010eacc      0x270 C:/devkitPro/libctru/lib\libctru.a(archive_dev.o)
 .text.archiveMountSdmc
                0x0010ed3c      0x1c8 C:/devkitPro/libctru/lib\libctru.a(archive_dev.o)
                0x0010ed3c                archiveMountSdmc
 .text.archiveUnmountAll
                0x0010ef04       0x54 C:/devkitPro/libctru/lib\libctru.a(archive_dev.o)
                0x0010ef04                archiveUnmountAll
 .text.fsInit   0x0010ef58      0x104 C:/devkitPro/libctru/lib\libctru.a(fs.o)
                0x0010ef58                fsInit
 .text.fsExit   0x0010f05c       0x3c C:/devkitPro/libctru/lib\libctru.a(fs.o)
                0x0010f05c                fsExit
 .text.fsExemptFromSession
                0x0010f098       0x68 C:/devkitPro/libctru/lib\libctru.a(fs.o)
                0x0010f098                fsExemptFromSession
 .text.fsUnexemptFromSession
                0x0010f100       0x50 C:/devkitPro/libctru/lib\libctru.a(fs.o)
                0x0010f100                fsUnexemptFromSession
 .text.FSUSER_OpenFile
                0x0010f150       0xcc C:/devkitPro/libctru/lib\libctru.a(fs.o)
                0x0010f150                FSUSER_OpenFile
 .text.FSUSER_DeleteFile
                0x0010f21c       0xb8 C:/devkitPro/libctru/lib\libctru.a(fs.o)
                0x0010f21c                FSUSER_DeleteFile
 .text.FSUSER_RenameFile
                0x0010f2d4       0xf4 C:/devkitPro/libctru/lib\libctru.a(fs.o)
                0x0010f2d4                FSUSER_RenameFile
 .text.FSUSER_DeleteDirectory
                0x0010f3c8       0xb8 C:/devkitPro/libctru/lib\libctru.a(fs.o)
                0x0010f3c8                FSUSER_DeleteDirectory
 .text.FSUSER_CreateFile
                0x0010f480       0xd0 C:/devkitPro/libctru/lib\libctru.a(fs.o)
                0x0010f480                FSUSER_CreateFile
 .text.FSUSER_CreateDirectory
                0x0010f550       0xc0 C:/devkitPro/libctru/lib\libctru.a(fs.o)
                0x0010f550                FSUSER_CreateDirectory
 .text.FSUSER_RenameDirectory
                0x0010f610       0xf4 C:/devkitPro/libctru/lib\libctru.a(fs.o)
                0x0010f610                FSUSER_RenameDirectory
 .text.FSUSER_OpenDirectory
                0x0010f704       0xb4 C:/devkitPro/libctru/lib\libctru.a(fs.o)
                0x0010f704                FSUSER_OpenDirectory
 .text.FSUSER_OpenArchive
                0x0010f7b8       0x90 C:/devkitPro/libctru/lib\libctru.a(fs.o)
                0x0010f7b8                FSUSER_OpenArchive
 .text.FSUSER_CloseArchive
                0x0010f848       0x8c C:/devkitPro/libctru/lib\libctru.a(fs.o)
                0x0010f848                FSUSER_CloseArchive
 .text.FSUSER_GetSdmcArchiveResource
                0x0010f8d4       0x74 C:/devkitPro/libctru/lib\libctru.a(fs.o)
                0x0010f8d4                FSUSER_GetSdmcArchiveResource
 .text.FSUSER_IsSdmcWritable
                0x0010f948       0x64 C:/devkitPro/libctru/lib\libctru.a(fs.o)
                0x0010f948                FSUSER_IsSdmcWritable
 .text.FSFILE_Read
                0x0010f9ac       0x64 C:/devkitPro/libctru/lib\libctru.a(fs.o)
                0x0010f9ac                FSFILE_Read
 .text.FSFILE_Write
                0x0010fa10       0x6c C:/devkitPro/libctru/lib\libctru.a(fs.o)
                0x0010fa10                FSFILE_Write
 .text.FSFILE_GetSize
                0x0010fa7c       0x44 C:/devkitPro/libctru/lib\libctru.a(fs.o)
                0x0010fa7c                FSFILE_GetSize
 .text.FSFILE_SetSize
                0x0010fac0       0x28 C:/devkitPro/libctru/lib\libctru.a(fs.o)
                0x0010fac0                FSFILE_SetSize
 .text.FSFILE_Close
                0x0010fae8       0x3c C:/devkitPro/libctru/lib\libctru.a(fs.o)
                0x0010fae8                FSFILE_Close
 .text.FSFILE_Flush
                0x0010fb24       0x24 C:/devkitPro/libctru/lib\libctru.a(fs.o)
                0x0010fb24                FSFILE_Flush
 .text.FSDIR_Read
                0x0010fb48       0x60 C:/devkitPro/libctru/lib\libctru.a(fs.o)
                0x0010fb48                FSDIR_Read
 .text.FSDIR_Close
                0x0010fba8       0x3c C:/devkitPro/libctru/lib\libctru.a(fs.o)
                0x0010fba8                FSDIR_Close
 .text.decode_utf8
                0x0010fbe4      0x140 C:/devkitPro/libctru/lib\libctru.a(decode_utf8.o)
                0x0010fbe4                decode_utf8
 .text.utf16_to_utf8
                0x0010fd24       0xe8 C:/devkitPro/libctru/lib\libctru.a(utf16_to_utf8.o)
                0x0010fd24                utf16_to_utf8
 .text.utf8_to_utf16
                0x0010fe0c       0xc0 C:/devkitPro/libctru/lib\libctru.a(utf8_to_utf16.o)
                0x0010fe0c                utf8_to_utf16
 .text.__aeabi_read_tp
                0x0010fecc        0xc C:/devkitPro/libctru/lib\libctru.a(readtp.o)
                0x0010fecc                __aeabi_read_tp
 .text.decode_utf16
                0x0010fed8       0x54 C:/devkitPro/libctru/lib\libctru.a(decode_utf16.o)
                0x0010fed8                decode_utf16
 .text.encode_utf16
                0x0010ff2c       0x54 C:/devkitPro/libctru/lib\libctru.a(encode_utf16.o)
                0x0010ff2c                encode_utf16
 .text.encode_utf8
                0x0010ff80       0xe0 C:/devkitPro/libctru/lib\libctru.a(encode_utf8.o)
                0x0010ff80                encode_utf8
 .text.__udivmoddi4
                0x00110060      0x130 C:/devkitPro/devkitARM/bin/../lib/gcc/arm-none-eabi/15.2.0/armv6k/fpu\libgcc.a(_udivmoddi4.o)
                0x00110060                __udivmoddi4
 .text.strncat  0x00110190       0xe4 C:/devkitPro/devkitARM/bin/../lib/gcc/arm-none-eabi/15.2.0/../../../../arm-none-eabi/lib/armv6k/fpu\libg.a(libc_a-strncat.o)
                0x00110190                strncat
 .text.memcpy   0x00110274      0x128 C:/devkitPro/devkitARM/bin/../lib/gcc/arm-none-eabi/15.2.0/../../../../arm-none-eabi/lib/armv6k/fpu\libg.a(libc_a-memcpy-stub.o)
                0x00110274                memcpy
 .text.strlen   0x0011039c       0x8c C:/devkitPro/devkitARM/bin/../lib/gcc/arm-none-eabi/15.2.0/../../../../arm-none-eabi/lib/armv6k/fpu\libg.a(libc_a-strlen.o)
                0x0011039c                strlen
 .text._fread_r
                0x00110428      0x334 C:/devkitPro/devkitARM/bin/../lib/gcc/arm-none-eabi/15.2.0/../../../../arm-none-eabi/lib/armv6k/fpu\libg.a(libc_a-fread.o)
                0x00110428                _fread_r
 .text.fread    0x0011075c       0x38 C:/devkitPro/devkitARM/bin/../lib/gcc/arm-none-eabi/15.2.0/../../../../arm-none-eabi/lib/armv6k/fpu\libg.a(libc_a-fread.o)
                0x0011075c                fread
 .text.bsearch  0x00110794       0x78 C:/devkitPro/devkitARM/bin/../lib/gcc/arm-none-eabi/15.2.0/../../../../arm-none-eabi/lib/armv6k/fpu\libg.a(libc_a-bsearch.o)
                0x00110794                bsearch
 .text._fopen_r
                0x0011080c      0x134 C:/devkitPro/devkitARM/bin/../lib/gcc/arm-none-eabi/15.2.0/../../../../arm-none-eabi/lib/armv6k/fpu\libg.a(libc_a-fopen.o)
                0x0011080c                _fopen_r
 .text.fopen    0x00110940       0x28 C:/devkitPro/devkitARM/bin/../lib/gcc/arm-none-eabi/15.2.0/../../../../arm-none-eabi/lib/armv6k/fpu\libg.a(libc_a-fopen.o)
                0x00110940                fopen
 .text.memalign
                0x00110968       0x28 C:/devkitPro/devkitARM/bin/../lib/gcc/arm-none-eabi/15.2.0/../../../../arm-none-eabi/lib/armv6k/fpu\libg.a(libc_a-malign.o)
                0x00110968                memalign
 .text.snprintf
                0x00110990       0xa0 C:/devkitPro/devkitARM/bin/../lib/gcc/arm-none-eabi/15.2.0/../../../../arm-none-eabi/lib/armv6k/fpu\libg.a(libc_a-snprintf.o)
                0x00110990                snprintf
 .text._strtoul_l.isra.0
                0x00110a30      0x1ec C:/devkitPro/devkitARM/bin/../lib/gcc/arm-none-eabi/15.2.0/../../../../arm-none-eabi/lib/armv6k/fpu\libg.a(libc_a-strtoul.o)
 .text.strtoul  0x00110c1c       0x3c C:/devkitPro/devkitARM/bin/../lib/gcc/arm-none-eabi/15.2.0/../../../../arm-none-eabi/lib/armv6k/fpu\libg.a(libc_a-strtoul.o)
                0x00110c1c                strtoul
 .text.calloc   0x00110c58       0x28 C:/devkitPro/devkitARM/bin/../lib/gcc/arm-none-eabi/15.2.0/../../../../arm-none-eabi/lib/armv6k/fpu\libg.a(libc_a-calloc.o)
                0x00110c58                calloc
 .text._memalign_r
                0x00110c80      0x16c C:/devkitPro/devkitARM/bin/../lib/gcc/arm-none-eabi/15.2.0/../../../../arm-none-eabi/lib/armv6k/fpu\libg.a(libc_a-malignr.o)
                0x00110c80                _memalign_r
 .text.__errno  0x00110dec        0xc C:/devkitPro/devkitARM/bin/../lib/gcc/arm-none-eabi/15.2.0/../../../../arm-none-eabi/lib/armv6k/fpu\libg.a(libc_a-errno.o)
                0x00110dec                __errno
 .text.__smakebuf_r
                0x00110df8      0x164 C:/devkitPro/devkitARM/bin/../lib/gcc/arm-none-eabi/15.2.0/../../../../arm-none-eabi/lib/armv6k/fpu\libg.a(libc_a-makebuf.o)
                0x00110df8                __smakebuf_r
 .text.memset   0x00110f5c       0xe4 C:/devkitPro/devkitARM/bin/../lib/gcc/arm-none-eabi/15.2.0/../../../../arm-none-eabi/lib/armv6k/fpu\libg.a(libc_a-memset.o)
                0x00110f5c                memset
 .text._calloc_r
                0x00111040       0xd8 C:/devkitPro/devkitARM/bin/../lib/gcc/arm-none-eabi/15.2.0/../../../../arm-none-eabi/lib/armv6k/fpu\libg.a(libc_a-callocr.o)
                0x00111040                _calloc_r
 .text.__sflush_r
                0x00111118      0x22c C:/devkitPro/devkitARM/bin/../lib/gcc/arm-none-eabi/15.2.0/../../../../arm-none-eabi/lib/armv6k/fpu\libg.a(libc_a-fflush.o)
                0x00111118                __sflush_r
 .text._fflush_r
                0x00111344       0xc4 C:/devkitPro/devkitARM/bin/../lib/gcc/arm-none-eabi/15.2.0/../../../../arm-none-eabi/lib/armv6k/fpu\libg.a(libc_a-fflush.o)
                0x00111344                _fflush_r
 .text._fwrite_r
                0x00111408      0x104 C:/devkitPro/devkitARM/bin/../lib/gcc/arm-none-eabi/15.2.0/../../../../arm-none-eabi/lib/armv6k/fpu\libg.a(libc_a-fwrite.o)
                0x00111408                _fwrite_r
 .text.fwrite   0x0011150c       0x38 C:/devkitPro/devkitARM/bin/../lib/gcc/arm-none-eabi/15.2.0/../../../../arm-none-eabi/lib/armv6k/fpu\libg.a(libc_a-fwrite.o)
                0x0011150c                fwrite
 .text._malloc_r
                0x00111544      0x82c C:/devkitPro/devkitARM/bin/../lib/gcc/arm-none-eabi/15.2.0/../../../../arm-none-eabi/lib/armv6k/fpu\libg.a(libc_a-mallocr.o)
                0x00111544                _malloc_r
 .text._malloc_trim_r
                0x00111d70      0x114 C:/devkitPro/devkitARM/bin/../lib/gcc/arm-none-eabi/15.2.0/../../../../arm-none-eabi/lib/armv6k/fpu\libg.a(libc_a-freer.o)
                0x00111d70                _malloc_trim_r
 .text._free_r  0x00111e84      0x314 C:/devkitPro/devkitARM/bin/../lib/gcc/arm-none-eabi/15.2.0/../../../../arm-none-eabi/lib/armv6k/fpu\libg.a(libc_a-freer.o)
                0x00111e84                _free_r
 .text.stdio_exit_handler
                0x00112198       0x1c C:/devkitPro/devkitARM/bin/../lib/gcc/arm-none-eabi/15.2.0/../../../../arm-none-eabi/lib/armv6k/fpu\libg.a(libc_a-findfp.o)
 .text.cleanup_stdio
                0x001121b4       0x5c C:/devkitPro/devkitARM/bin/../lib/gcc/arm-none-eabi/15.2.0/../../../../arm-none-eabi/lib/armv6k/fpu\libg.a(libc_a-findfp.o)
 .text.global_stdio_init.part.0
                0x00112210      0x154 C:/devkitPro/devkitARM/bin/../lib/gcc/arm-none-eabi/15.2.0/../../../../arm-none-eabi/lib/armv6k/fpu\libg.a(libc_a-findfp.o)
 .text.__sfp    0x00112364      0x138 C:/devkitPro/devkitARM/bin/../lib/gcc/arm-none-eabi/15.2.0/../../../../arm-none-eabi/lib/armv6k/fpu\libg.a(libc_a-findfp.o)
                0x00112364                __sfp
 .text.__sinit  0x0011249c       0x5c C:/devkitPro/devkitARM/bin/../lib/gcc/arm-none-eabi/15.2.0/../../../../arm-none-eabi/lib/armv6k/fpu\libg.a(libc_a-findfp.o)
                0x0011249c                __sinit
 .text.__sfp_lock_acquire
                0x001124f8        0xc C:/devkitPro/devkitARM/bin/../lib/gcc/arm-none-eabi/15.2.0/../../../../arm-none-eabi/lib/armv6k/fpu\libg.a(libc_a-findfp.o)
                0x001124f8                __sfp_lock_acquire
 .text.__sfp_lock_release
                0x00112504        0xc C:/devkitPro/devkitARM/bin/../lib/gcc/arm-none-eabi/15.2.0/../../../../arm-none-eabi/lib/armv6k/fpu\libg.a(libc_a-findfp.o)
                0x00112504                __sfp_lock_release
 .text.__libc_init_array
                0x00112510       0x84 C:/devkitPro/devkitARM/bin/../lib/gcc/arm-none-eabi/15.2.0/../../../../arm-none-eabi/lib/armv6k/fpu\libg.a(libc_a-init.o)
                0x00112510                __libc_init_array
 .text.strncpy  0x00112594       0xd4 C:/devkitPro/devkitARM/bin/../lib/gcc/arm-none-eabi/15.2.0/../../../../arm-none-eabi/lib/armv6k/fpu\libg.a(libc_a-strncpy.o)
                0x00112594                strncpy
 .text._fseek_r
                0x00112668       0x1c C:/devkitPro/devkitARM/bin/../lib/gcc/arm-none-eabi/15.2.0/../../../../arm-none-eabi/lib/armv6k/fpu\libg.a(libc_a-fseek.o)
                0x00112668                _fseek_r
 .text.malloc   0x00112684       0x40 C:/devkitPro/devkitARM/bin/../lib/gcc/arm-none-eabi/15.2.0/../../../../arm-none-eabi/lib/armv6k/fpu\libg.a(libc_a-malloc.o)
                0x00112684                malloc
 .text.free     0x001126c4       0x20 C:/devkitPro/devkitARM/bin/../lib/gcc/arm-none-eabi/15.2.0/../../../../arm-none-eabi/lib/armv6k/fpu\libg.a(libc_a-malloc.o)
                0x001126c4                free
 .text.__sread  0x001126e4       0x44 C:/devkitPro/devkitARM/bin/../lib/gcc/arm-none-eabi/15.2.0/../../../../arm-none-eabi/lib/armv6k/fpu\libg.a(libc_a-stdio.o)
                0x001126e4                __sread
 .text.__swrite
                0x00112728       0x68 C:/devkitPro/devkitARM/bin/../lib/gcc/arm-none-eabi/15.2.0/../../../../arm-none-eabi/lib/armv6k/fpu\libg.a(libc_a-stdio.o)
                0x00112728                __swrite
 .text.__sseek  0x00112790       0x40 C:/devkitPro/devkitARM/bin/../lib/gcc/arm-none-eabi/15.2.0/../../../../arm-none-eabi/lib/armv6k/fpu\libg.a(libc_a-stdio.o)
                0x00112790                __sseek
 .text.__sclose
                0x001127d0        0x8 C:/devkitPro/devkitARM/bin/../lib/gcc/arm-none-eabi/15.2.0/../../../../arm-none-eabi/lib/armv6k/fpu\libg.a(libc_a-stdio.o)
                0x001127d0                __sclose
 .text.memmove  0x001127d8      0x1a8 C:/devkitPro/devkitARM/bin/../lib/gcc/arm-none-eabi/15.2.0/../../../../arm-none-eabi/lib/armv6k/fpu\libg.a(libc_a-memmove.o)
                0x001127d8                memmove
 .text.__malloc_lock
                0x00112980        0xc C:/devkitPro/devkitARM/bin/../lib/gcc/arm-none-eabi/15.2.0/../../../../arm-none-eabi/lib/armv6k/fpu\libg.a(libc_a-mlock.o)
                0x00112980                __malloc_lock
 .text.__malloc_unlock
                0x0011298c        0xc C:/devkitPro/devkitARM/bin/../lib/gcc/arm-none-eabi/15.2.0/../../../../arm-none-eabi/lib/armv6k/fpu\libg.a(libc_a-mlock.o)
                0x0011298c                __malloc_unlock
 .text._fseeko_r
                0x00112998      0x588 C:/devkitPro/devkitARM/bin/../lib/gcc/arm-none-eabi/15.2.0/../../../../arm-none-eabi/lib/armv6k/fpu\libg.a(libc_a-fseeko.o)
                0x00112998                _fseeko_r
 .text._fclose_r
                0x00112f20      0x148 C:/devkitPro/devkitARM/bin/../lib/gcc/arm-none-eabi/15.2.0/../../../../arm-none-eabi/lib/armv6k/fpu\libg.a(libc_a-fclose.o)
                0x00112f20                _fclose_r
 .text.fclose   0x00113068       0x20 C:/devkitPro/devkitARM/bin/../lib/gcc/arm-none-eabi/15.2.0/../../../../arm-none-eabi/lib/armv6k/fpu\libg.a(libc_a-fclose.o)
                0x00113068                fclose
 .text.__call_exitprocs
                0x00113088        0x4 C:/devkitPro/devkitARM/bin/../lib/gcc/arm-none-eabi/15.2.0/../../../../arm-none-eabi/lib/armv6k/fpu\libg.a(libc_a-exit.o)
                0x00113088                __call_exitprocs
 .text.exit     0x0011308c       0x30 C:/devkitPro/devkitARM/bin/../lib/gcc/arm-none-eabi/15.2.0/../../../../arm-none-eabi/lib/armv6k/fpu\libg.a(libc_a-exit.o)
                0x0011308c                exit
 .text.get_arg  0x001130bc      0x5e0 C:/devkitPro/devkitARM/bin/../lib/gcc/arm-none-eabi/15.2.0/../../../../arm-none-eabi/lib/armv6k/fpu\libg.a(libc_a-svfprintf.o)
 *fill*         0x0011369c        0x4 
 .text._svfprintf_r
                0x001136a0     0x345c C:/devkitPro/devkitARM/bin/../lib/gcc/arm-none-eabi/15.2.0/../../../../arm-none-eabi/lib/armv6k/fpu\libg.a(libc_a-svfprintf.o)
                0x001136a0                _svfprintf_r
 .text.__sflags
                0x00116afc       0xb8 C:/devkitPro/devkitARM/bin/../lib/gcc/arm-none-eabi/15.2.0/../../../../arm-none-eabi/lib/armv6k/fpu\libg.a(libc_a-flags.o)
                0x00116afc                __sflags
 .text.__libc_fini_array
                0x00116bb4       0x3c C:/devkitPro/devkitARM/bin/../lib/gcc/arm-none-eabi/15.2.0/../../../../arm-none-eabi/lib/armv6k/fpu\libg.a(libc_a-fini.o)
                0x00116bb4                __libc_fini_array
 .text.strnlen  0x00116bf0       0x3c C:/devkitPro/devkitARM/bin/../lib/gcc/arm-none-eabi/15.2.0/../../../../arm-none-eabi/lib/armv6k/fpu\libg.a(libc_a-strnlen.o)
                0x00116bf0                strnlen
 .text.strncmp  0x00116c2c       0xd8 C:/devkitPro/devkitARM/bin/../lib/gcc/arm-none-eabi/15.2.0/../../../../arm-none-eabi/lib/armv6k/fpu\libg.a(libc_a-strncmp.o)
                0x00116c2c                strncmp
 .text.lflush   0x00116d04       0x38 C:/devkitPro/devkitARM/bin/../lib/gcc/arm-none-eabi/15.2.0/../../../../arm-none-eabi/lib/armv6k/fpu\libg.a(libc_a-refill.o)
 .text.__srefill_r
                0x00116d3c      0x1a8 C:/devkitPro/devkitARM/bin/../lib/gcc/arm-none-eabi/15.2.0/../../../../arm-none-eabi/lib/armv6k/fpu\libg.a(libc_a-refill.o)
                0x00116d3c                __srefill_r
 *fill*         0x00116ee4        0x4 
 .text.frexp    0x00116ee8       0x88 C:/devkitPro/devkitARM/bin/../lib/gcc/arm-none-eabi/15.2.0/../../../../arm-none-eabi/lib/armv6k/fpu\libg.a(libm_a-s_frexp.o)
                0x00116ee8                frexp
 .text._fwalk_sglue
                0x00116f70       0x70 C:/devkitPro/devkitARM/bin/../lib/gcc/arm-none-eabi/15.2.0/../../../../arm-none-eabi/lib/armv6k/fpu\libg.a(libc_a-fwalk.o)
                0x00116f70                _fwalk_sglue
 .text._wcrtomb_r
                0x00116fe0       0xa0 C:/devkitPro/devkitARM/bin/../lib/gcc/arm-none-eabi/15.2.0/../../../../arm-none-eabi/lib/armv6k/fpu\libg.a(libc_a-wcrtomb.o)
                0x00116fe0                _wcrtomb_r
 .text.__ssprint_r
                0x00117080       0xa4 C:/devkitPro/devkitARM/bin/../lib/gcc/arm-none-eabi/15.2.0/../../../../arm-none-eabi/lib/armv6k/fpu\libg.a(libc_a-ssprint_r.o)
                0x00117080                __ssprint_r
 .text.__sfvwrite_r
                0x00117124      0x4a4 C:/devkitPro/devkitARM/bin/../lib/gcc/arm-none-eabi/15.2.0/../../../../arm-none-eabi/lib/armv6k/fpu\libg.a(libc_a-fvwrite.o)
                0x00117124                __sfvwrite_r
 .text.__locale_mb_cur_max
                0x001175c8       0x24 C:/devkitPro/devkitARM/bin/../lib/gcc/arm-none-eabi/15.2.0/../../../../arm-none-eabi/lib/armv6k/fpu\libg.a(libc_a-locale.o)
                0x001175c8                __locale_mb_cur_max
 .text.quorem   0x001175ec      0x1c0 C:/devkitPro/devkitARM/bin/../lib/gcc/arm-none-eabi/15.2.0/../../../../arm-none-eabi/lib/armv6k/fpu\libg.a(libc_a-dtoa.o)
 *fill*         0x001177ac        0x4 
 .text._dtoa_r  0x001177b0     0x1420 C:/devkitPro/devkitARM/bin/../lib/gcc/arm-none-eabi/15.2.0/../../../../arm-none-eabi/lib/armv6k/fpu\libg.a(libc_a-dtoa.o)
                0x001177b0                _dtoa_r
 .text.memchr   0x00118bd0       0xe8 C:/devkitPro/devkitARM/bin/../lib/gcc/arm-none-eabi/15.2.0/../../../../arm-none-eabi/lib/armv6k/fpu\libg.a(libc_a-memchr-stub.o)
                0x00118bd0                memchr
 .text._wcsrtombs_r
                0x00118cb8       0x28 C:/devkitPro/devkitARM/bin/../lib/gcc/arm-none-eabi/15.2.0/../../../../arm-none-eabi/lib/armv6k/fpu\libg.a(libc_a-wcsrtombs.o)
                0x00118cb8                _wcsrtombs_r
 .text.__swsetup_r
                0x00118ce0      0x140 C:/devkitPro/devkitARM/bin/../lib/gcc/arm-none-eabi/15.2.0/../../../../arm-none-eabi/lib/armv6k/fpu\libg.a(libc_a-wsetup.o)
                0x00118ce0                __swsetup_r
 .text._localeconv_r
                0x00118e20       0x24 C:/devkitPro/devkitARM/bin/../lib/gcc/arm-none-eabi/15.2.0/../../../../arm-none-eabi/lib/armv6k/fpu\libg.a(libc_a-localeconv.o)
                0x00118e20                _localeconv_r
 .text._realloc_r
                0x00118e44      0x4f0 C:/devkitPro/devkitARM/bin/../lib/gcc/arm-none-eabi/15.2.0/../../../../arm-none-eabi/lib/armv6k/fpu\libg.a(libc_a-reallocr.o)
                0x00118e44                _realloc_r
 .text.__ssputs_r
                0x00119334      0x12c C:/devkitPro/devkitARM/bin/../lib/gcc/arm-none-eabi/15.2.0/../../../../arm-none-eabi/lib/armv6k/fpu\libg.a(libc_a-ssputs_r.o)
                0x00119334                __ssputs_r
 .text.__utf8_wctomb
                0x00119460       0xf8 C:/devkitPro/devkitARM/bin/../lib/gcc/arm-none-eabi/15.2.0/../../../../arm-none-eabi/lib/armv6k/fpu\libg.a(libc_a-wctomb_r.o)
                0x00119460                __utf8_wctomb
 .text._wcsnrtombs_l
                0x00119558      0x15c C:/devkitPro/devkitARM/bin/../lib/gcc/arm-none-eabi/15.2.0/../../../../arm-none-eabi/lib/armv6k/fpu\libg.a(libc_a-wcsnrtombs.o)
                0x00119558                _wcsnrtombs_l
 .text._wcsnrtombs_r
                0x001196b4       0x64 C:/devkitPro/devkitARM/bin/../lib/gcc/arm-none-eabi/15.2.0/../../../../arm-none-eabi/lib/armv6k/fpu\libg.a(libc_a-wcsnrtombs.o)
                0x001196b4                _wcsnrtombs_r
 .text.__assert_func
                0x00119718       0x5c C:/devkitPro/devkitARM/bin/../lib/gcc/arm-none-eabi/15.2.0/../../../../arm-none-eabi/lib/armv6k/fpu\libg.a(libc_a-assert.o)
                0x00119718                __assert_func
 .text._Balloc  0x00119774       0x88 C:/devkitPro/devkitARM/bin/../lib/gcc/arm-none-eabi/15.2.0/../../../../arm-none-eabi/lib/armv6k/fpu\libg.a(libc_a-mprec.o)
                0x00119774                _Balloc
 .text._Bfree   0x001197fc       0x1c C:/devkitPro/devkitARM/bin/../lib/gcc/arm-none-eabi/15.2.0/../../../../arm-none-eabi/lib/armv6k/fpu\libg.a(libc_a-mprec.o)
                0x001197fc                _Bfree
 .text.__multadd
                0x00119818       0xf4 C:/devkitPro/devkitARM/bin/../lib/gcc/arm-none-eabi/15.2.0/../../../../arm-none-eabi/lib/armv6k/fpu\libg.a(libc_a-mprec.o)
                0x00119818                __multadd
 .text.__hi0bits
                0x0011990c       0x80 C:/devkitPro/devkitARM/bin/../lib/gcc/arm-none-eabi/15.2.0/../../../../arm-none-eabi/lib/armv6k/fpu\libg.a(libc_a-mprec.o)
                0x0011990c                __hi0bits
 .text.__lo0bits
                0x0011998c       0xf0 C:/devkitPro/devkitARM/bin/../lib/gcc/arm-none-eabi/15.2.0/../../../../arm-none-eabi/lib/armv6k/fpu\libg.a(libc_a-mprec.o)
                0x0011998c                __lo0bits
 .text.__i2b    0x00119a7c       0xa4 C:/devkitPro/devkitARM/bin/../lib/gcc/arm-none-eabi/15.2.0/../../../../arm-none-eabi/lib/armv6k/fpu\libg.a(libc_a-mprec.o)
                0x00119a7c                __i2b
 .text.__multiply
                0x00119b20      0x230 C:/devkitPro/devkitARM/bin/../lib/gcc/arm-none-eabi/15.2.0/../../../../arm-none-eabi/lib/armv6k/fpu\libg.a(libc_a-mprec.o)
                0x00119b20                __multiply
 .text.__pow5mult
                0x00119d50      0x130 C:/devkitPro/devkitARM/bin/../lib/gcc/arm-none-eabi/15.2.0/../../../../arm-none-eabi/lib/armv6k/fpu\libg.a(libc_a-mprec.o)
                0x00119d50                __pow5mult
 .text.__lshift
                0x00119e80      0x138 C:/devkitPro/devkitARM/bin/../lib/gcc/arm-none-eabi/15.2.0/../../../../arm-none-eabi/lib/armv6k/fpu\libg.a(libc_a-mprec.o)
                0x00119e80                __lshift
 .text.__mcmp   0x00119fb8       0x58 C:/devkitPro/devkitARM/bin/../lib/gcc/arm-none-eabi/15.2.0/../../../../arm-none-eabi/lib/armv6k/fpu\libg.a(libc_a-mprec.o)
                0x00119fb8                __mcmp
 .text.__mdiff  0x0011a010      0x218 C:/devkitPro/devkitARM/bin/../lib/gcc/arm-none-eabi/15.2.0/../../../../arm-none-eabi/lib/armv6k/fpu\libg.a(libc_a-mprec.o)
                0x0011a010                __mdiff
 .text.__d2b    0x0011a228      0x120 C:/devkitPro/devkitARM/bin/../lib/gcc/arm-none-eabi/15.2.0/../../../../arm-none-eabi/lib/armv6k/fpu\libg.a(libc_a-mprec.o)
                0x0011a228                __d2b
 .text.__utf8_mbtowc
                0x0011a348      0x340 C:/devkitPro/devkitARM/bin/../lib/gcc/arm-none-eabi/15.2.0/../../../../arm-none-eabi/lib/armv6k/fpu\libg.a(libc_a-mbtowc_r.o)
                0x0011a348                __utf8_mbtowc
 .text.fiprintf
                0x0011a688       0x3c C:/devkitPro/devkitARM/bin/../lib/gcc/arm-none-eabi/15.2.0/../../../../arm-none-eabi/lib/armv6k/fpu\libg.a(libc_a-fiprintf.o)
                0x0011a688                fiprintf
 .text.strchr   0x0011a6c4      0x140 C:/devkitPro/devkitARM/bin/../lib/gcc/arm-none-eabi/15.2.0/../../../../arm-none-eabi/lib/armv6k/fpu\libg.a(libc_a-strchr.o)
                0x0011a6c4                strchr
 .text.abort    0x0011a804       0x14 C:/devkitPro/devkitARM/bin/../lib/gcc/arm-none-eabi/15.2.0/../../../../arm-none-eabi/lib/armv6k/fpu\libg.a(libc_a-abort.o)
                0x0011a804                abort
 .text.get_arg  0x0011a818      0x5e0 C:/devkitPro/devkitARM/bin/../lib/gcc/arm-none-eabi/15.2.0/../../../../arm-none-eabi/lib/armv6k/fpu\libg.a(libc_a-vfiprintf.o)
 .text._vfiprintf_r
                0x0011adf8     0x22f8 C:/devkitPro/devkitARM/bin/../lib/gcc/arm-none-eabi/15.2.0/../../../../arm-none-eabi/lib/armv6k/fpu\libg.a(libc_a-vfiprintf.o)
                0x0011adf8                _vfiprintf_r
 .text.__sbprintf
                0x0011d0f0       0xb4 C:/devkitPro/devkitARM/bin/../lib/gcc/arm-none-eabi/15.2.0/../../../../arm-none-eabi/lib/armv6k/fpu\libg.a(libc_a-vfiprintf.o)
 .text._raise_r
                0x0011d1a4       0x9c C:/devkitPro/devkitARM/bin/../lib/gcc/arm-none-eabi/15.2.0/../../../../arm-none-eabi/lib/armv6k/fpu\libg.a(libc_a-signal.o)
                0x0011d1a4                _raise_r
 .text.raise    0x0011d240       0x20 C:/devkitPro/devkitARM/bin/../lib/gcc/arm-none-eabi/15.2.0/../../../../arm-none-eabi/lib/armv6k/fpu\libg.a(libc_a-signal.o)
                0x0011d240                raise
 .text.__sprint_r
                0x0011d260       0x30 C:/devkitPro/devkitARM/bin/../lib/gcc/arm-none-eabi/15.2.0/../../../../arm-none-eabi/lib/armv6k/fpu\libg.a(libc_a-sprint_r.o)
                0x0011d260                __sprint_r
 .text._exit    0x0011d290       0x20 C:/devkitPro/devkitARM/bin/../lib/gcc/arm-none-eabi/15.2.0/../../../../arm-none-eabi/lib/armv6k/fpu\libsysbase.a(libsysbase_libsysbase_a-_exit.o)
                0x0011d290                _exit
 .text.chdir    0x0011d2b0      0x140 C:/devkitPro/devkitARM/bin/../lib/gcc/arm-none-eabi/15.2.0/../../../../arm-none-eabi/lib/armv6k/fpu\libsysbase.a(libsysbase_libsysbase_a-chdir.o)
                0x0011d2b0                chdir
 .text._concatenate_path
                0x0011d3f0      0x1c8 C:/devkitPro/devkitARM/bin/../lib/gcc/arm-none-eabi/15.2.0/../../../../arm-none-eabi/lib/armv6k/fpu\libsysbase.a(libsysbase_libsysbase_a-concatenate.o)
                0x0011d3f0                _concatenate_path
 .text._fstat_r
                0x0011d5b8       0x9c C:/devkitPro/devkitARM/bin/../lib/gcc/arm-none-eabi/15.2.0/../../../../arm-none-eabi/lib/armv6k/fpu\libsysbase.a(libsysbase_libsysbase_a-fstat.o)
                0x0011d5b8                _fstat_r
 .text._getpid_r
                0x0011d654       0x14 C:/devkitPro/devkitARM/bin/../lib/gcc/arm-none-eabi/15.2.0/../../../../arm-none-eabi/lib/armv6k/fpu\libsysbase.a(libsysbase_libsysbase_a-getpid.o)
                0x0011d654                _getpid_r
 .text.__getreent
                0x0011d668       0x2c C:/devkitPro/devkitARM/bin/../lib/gcc/arm-none-eabi/15.2.0/../../../../arm-none-eabi/lib/armv6k/fpu\libsysbase.a(libsysbase_libsysbase_a-getreent.o)
                0x0011d668                __getreent
 .text.__release_handle
                0x0011d694       0xa0 C:/devkitPro/devkitARM/bin/../lib/gcc/arm-none-eabi/15.2.0/../../../../arm-none-eabi/lib/armv6k/fpu\libsysbase.a(libsysbase_libsysbase_a-handle_manager.o)
                0x0011d694                __release_handle
 .text.__alloc_handle
                0x0011d734       0xb0 C:/devkitPro/devkitARM/bin/../lib/gcc/arm-none-eabi/15.2.0/../../../../arm-none-eabi/lib/armv6k/fpu\libsysbase.a(libsysbase_libsysbase_a-handle_manager.o)
                0x0011d734                __alloc_handle
 .text.__get_handle
                0x0011d7e4       0x58 C:/devkitPro/devkitARM/bin/../lib/gcc/arm-none-eabi/15.2.0/../../../../arm-none-eabi/lib/armv6k/fpu\libsysbase.a(libsysbase_libsysbase_a-handle_manager.o)
                0x0011d7e4                __get_handle
 .text._close_r
                0x0011d83c      0x110 C:/devkitPro/devkitARM/bin/../lib/gcc/arm-none-eabi/15.2.0/../../../../arm-none-eabi/lib/armv6k/fpu\libsysbase.a(libsysbase_libsysbase_a-handle_manager.o)
                0x0011d83c                _close_r
 .text.null_write
                0x0011d94c        0x8 C:/devkitPro/devkitARM/bin/../lib/gcc/arm-none-eabi/15.2.0/../../../../arm-none-eabi/lib/armv6k/fpu\libsysbase.a(libsysbase_libsysbase_a-iosupport.o)
 .text.setDefaultDevice
                0x0011d954       0x18 C:/devkitPro/devkitARM/bin/../lib/gcc/arm-none-eabi/15.2.0/../../../../arm-none-eabi/lib/armv6k/fpu\libsysbase.a(libsysbase_libsysbase_a-iosupport.o)
                0x0011d954                setDefaultDevice
 .text.FindDevice
                0x0011d96c       0x98 C:/devkitPro/devkitARM/bin/../lib/gcc/arm-none-eabi/15.2.0/../../../../arm-none-eabi/lib/armv6k/fpu\libsysbase.a(libsysbase_libsysbase_a-iosupport.o)
                0x0011d96c                FindDevice
 .text.RemoveDevice
                0x0011da04       0x24 C:/devkitPro/devkitARM/bin/../lib/gcc/arm-none-eabi/15.2.0/../../../../arm-none-eabi/lib/armv6k/fpu\libsysbase.a(libsysbase_libsysbase_a-iosupport.o)
                0x0011da04                RemoveDevice
 .text.AddDevice
                0x0011da28       0x88 C:/devkitPro/devkitARM/bin/../lib/gcc/arm-none-eabi/15.2.0/../../../../arm-none-eabi/lib/armv6k/fpu\libsysbase.a(libsysbase_libsysbase_a-iosupport.o)
                0x0011da28                AddDevice
 .text.GetDeviceOpTab
                0x0011dab0       0x20 C:/devkitPro/devkitARM/bin/../lib/gcc/arm-none-eabi/15.2.0/../../../../arm-none-eabi/lib/armv6k/fpu\libsysbase.a(libsysbase_libsysbase_a-iosupport.o)
                0x0011dab0                GetDeviceOpTab
 .text._isatty_r
                0x0011dad0        0x8 C:/devkitPro/devkitARM/bin/../lib/gcc/arm-none-eabi/15.2.0/../../../../arm-none-eabi/lib/armv6k/fpu\libsysbase.a(libsysbase_libsysbase_a-isatty.o)
                0x0011dad0                _isatty_r
 .text._kill_r  0x0011dad8       0x14 C:/devkitPro/devkitARM/bin/../lib/gcc/arm-none-eabi/15.2.0/../../../../arm-none-eabi/lib/armv6k/fpu\libsysbase.a(libsysbase_libsysbase_a-kill.o)
                0x0011dad8                _kill_r
 .text._lseek_r
                0x0011daec       0x94 C:/devkitPro/devkitARM/bin/../lib/gcc/arm-none-eabi/15.2.0/../../../../arm-none-eabi/lib/armv6k/fpu\libsysbase.a(libsysbase_libsysbase_a-lseek.o)
                0x0011daec                _lseek_r
 .text.mkdir    0x0011db80       0x68 C:/devkitPro/devkitARM/bin/../lib/gcc/arm-none-eabi/15.2.0/../../../../arm-none-eabi/lib/armv6k/fpu\libsysbase.a(libsysbase_libsysbase_a-mkdir.o)
                0x0011db80                mkdir
 .text._open_r  0x0011dbe8       0xc0 C:/devkitPro/devkitARM/bin/../lib/gcc/arm-none-eabi/15.2.0/../../../../arm-none-eabi/lib/armv6k/fpu\libsysbase.a(libsysbase_libsysbase_a-open.o)
                0x0011dbe8                _open_r
 .text._read_r  0x0011dca8       0x94 C:/devkitPro/devkitARM/bin/../lib/gcc/arm-none-eabi/15.2.0/../../../../arm-none-eabi/lib/armv6k/fpu\libsysbase.a(libsysbase_libsysbase_a-read.o)
                0x0011dca8                _read_r
 .text._sbrk_r  0x0011dd3c       0x78 C:/devkitPro/devkitARM/bin/../lib/gcc/arm-none-eabi/15.2.0/../../../../arm-none-eabi/lib/armv6k/fpu\libsysbase.a(libsysbase_libsysbase_a-sbrk.o)
                0x0011dd3c                _sbrk_r
 .text.__libc_lock_acquire
                0x0011ddb4       0x1c C:/devkitPro/devkitARM/bin/../lib/gcc/arm-none-eabi/15.2.0/../../../../arm-none-eabi/lib/armv6k/fpu\libsysbase.a(libsysbase_libsysbase_a-syscall_support.o)
                0x0011ddb4                __libc_lock_acquire
 .text.__libc_lock_release
                0x0011ddd0       0x1c C:/devkitPro/devkitARM/bin/../lib/gcc/arm-none-eabi/15.2.0/../../../../arm-none-eabi/lib/armv6k/fpu\libsysbase.a(libsysbase_libsysbase_a-syscall_support.o)
                0x0011ddd0                __libc_lock_release
 .text.__libc_lock_acquire_recursive
                0x0011ddec       0x1c C:/devkitPro/devkitARM/bin/../lib/gcc/arm-none-eabi/15.2.0/../../../../arm-none-eabi/lib/armv6k/fpu\libsysbase.a(libsysbase_libsysbase_a-syscall_support.o)
                0x0011ddec                __libc_lock_acquire_recursive
 .text.__libc_lock_release_recursive
                0x0011de08       0x1c C:/devkitPro/devkitARM/bin/../lib/gcc/arm-none-eabi/15.2.0/../../../../arm-none-eabi/lib/armv6k/fpu\libsysbase.a(libsysbase_libsysbase_a-syscall_support.o)
                0x0011de08                __libc_lock_release_recursive
 .text._write_r
                0x0011de24       0x94 C:/devkitPro/devkitARM/bin/../lib/gcc/arm-none-eabi/15.2.0/../../../../arm-none-eabi/lib/armv6k/fpu\libsysbase.a(libsysbase_libsysbase_a-write.o)
                0x0011de24                _write_r
 .text.strrchr  0x0011deb8       0x48 C:/devkitPro/devkitARM/bin/../lib/gcc/arm-none-eabi/15.2.0/../../../../arm-none-eabi/lib/armv6k/fpu\libg.a(libc_a-strrchr.o)
                0x0011deb8                strrchr
 *(.glue_7)
 .glue_7        0x0011df00        0x0 linker stubs
 *(.glue_7t)
 .glue_7t       0x0011df00        0x0 linker stubs
 *(.stub)
 *(.gnu.warning)
 *(.gnu.linkonce.t*)
                0x0011df00                        . = ALIGN (0x4)
 *(.fini)
 .fini          0x0011df00        0xc C:/devkitPro/devkitARM/bin/../lib/gcc/arm-none-eabi/15.2.0/armv6k/fpu/crti.o
                0x0011df00                _fini
 .fini          0x0011df0c        0xc C:/devkitPro/devkitARM/bin/../lib/gcc/arm-none-eabi/15.2.0/armv6k/fpu/crtn.o
                0x0011df18                        . = ALIGN (0x4)

.vfp11_veneer   0x0011df18        0x0
 .vfp11_veneer  0x0011df18        0x0 linker stubs

.v4_bx          0x0011df18        0x0
 .v4_bx         0x0011df18        0x0 linker stubs

.iplt           0x0011df18        0x0
 .iplt          0x0011df18        0x0 C:/devkitPro/devkitARM/bin/../lib/gcc/arm-none-eabi/15.2.0/../../../../arm-none-eabi/lib/armv6k/fpu/3dsx_crt0.o
                0x0011e000                        . = ALIGN (0x1000)

.rodata         0x0011e000      0xe60
 *(.rodata)
 .rodata        0x0011e000       0xc0 main.o
 .rodata        0x0011e0c0        0xc C:/devkitPro/libctru/lib\libctru.a(archive_dev.o)
 *(.roda)
 *(.rodata.*)
 .rodata.str1.4
                0x0011e0cc      0x431 main.o
                                0x1f4 (size before relaxing)
 .rodata.str1.4
                0x0011e4fd        0x0 C:/devkitPro/libctru/lib\libcitro2d.a(base.o)
                                 0x10 (size before relaxing)
 *fill*         0x0011e4fd        0x3 
 .rodata.render2d_shbin
                0x0011e500      0x18c C:/devkitPro/libctru/lib\libcitro2d.a(render2d_shbin.o)
                0x0011e500                render2d_shbin
                0x0011e68c                render2d_shbin_end
 .rodata.depthFmtSizes
                0x0011e68c        0x4 C:/devkitPro/libctru/lib\libcitro3d.a(framebuffer.o)
 .rodata.colorFmtSizes
                0x0011e690        0x5 C:/devkitPro/libctru/lib\libcitro3d.a(framebuffer.o)
 *fill*         0x0011e695        0x3 
 .rodata.CSWTCH.11
                0x0011e698       0x10 C:/devkitPro/libctru/lib\libcitro3d.a(proctex.o)
 .rodata.DVLE_GenerateOutmap.part.0
                0x0011e6a8        0x9 C:/devkitPro/libctru/lib\libctru.a(shbin.o)
 .rodata.aptEventHandler
                0x0011e6b1        0xb C:/devkitPro/libctru/lib\libctru.a(apt.o)
 .rodata.aptWaitForWakeUp.isra.0
                0x0011e6bc       0x11 C:/devkitPro/libctru/lib\libctru.a(apt.o)
 *fill*         0x0011e6cd        0x3 
 .rodata.morton_y.2
                0x0011e6d0        0x8 C:/devkitPro/libctru/lib\libctru.a(apt.o)
 .rodata.morton_x.3
                0x0011e6d8        0x8 C:/devkitPro/libctru/lib\libctru.a(apt.o)
 .rodata.s_sleepWakeEvents.4
                0x0011e6e0        0x8 C:/devkitPro/libctru/lib\libctru.a(apt.o)
 .rodata.str1.4
                0x0011e6e8        0x0 C:/devkitPro/libctru/lib\libctru.a(apt.o)
                                 0x16 (size before relaxing)
 .rodata.serviceNameTable.5
                0x0011e6e8        0xc C:/devkitPro/libctru/lib\libctru.a(apt.o)
 .rodata.gspInit.str1.4
                0x0011e6f4        0x0 C:/devkitPro/libctru/lib\libctru.a(gspgpu.o)
                                  0x9 (size before relaxing)
 .rodata.hidInit.str1.4
                0x0011e6f4        0x0 C:/devkitPro/libctru/lib\libctru.a(hid.o)
                                 0x15 (size before relaxing)
 .rodata.irrstInit.str1.4
                0x0011e6f4        0x0 C:/devkitPro/libctru/lib\libctru.a(irrst.o)
                                  0x7 (size before relaxing)
 .rodata.mcuHwcInit.str1.4
                0x0011e6f4        0x0 C:/devkitPro/libctru/lib\libctru.a(mcuhwc.o)
                                  0x9 (size before relaxing)
 .rodata.ptmSysmInit.str1.4
                0x0011e6f4        0x0 C:/devkitPro/libctru/lib\libctru.a(ptmsysm.o)
                                  0x9 (size before relaxing)
 .rodata.__system_initArgv.str1.4
                0x0011e6f4        0x0 C:/devkitPro/libctru/lib\libctru.a(initArgv.o)
                                  0xa (size before relaxing)
 .rodata.srvInit.str1.4
                0x0011e6f4        0x0 C:/devkitPro/libctru/lib\libctru.a(srv.o)
                                  0x5 (size before relaxing)
 .rodata.archive_utf16path.str1.4
                0x0011e6f4        0x0 C:/devkitPro/libctru/lib\libctru.a(archive_dev.o)
                                  0x2 (size before relaxing)
 .rodata._archiveUnmountDeviceStruct.part.0.str1.4
                0x0011e6f4        0x0 C:/devkitPro/libctru/lib\libctru.a(archive_dev.o)
                                  0x2 (size before relaxing)
 .rodata._archiveMountDevice.str1.4
                0x0011e6f4        0x0 C:/devkitPro/libctru/lib\libctru.a(archive_dev.o)
                                  0xc (size before relaxing)
 .rodata.archiveMountSdmc.str1.4
                0x0011e6f4        0x0 C:/devkitPro/libctru/lib\libctru.a(archive_dev.o)
                                  0x5 (size before relaxing)
 .rodata.error_table
                0x0011e6f4       0x30 C:/devkitPro/libctru/lib\libctru.a(archive_dev.o)
 .rodata.str1.4
                0x0011e724        0x0 C:/devkitPro/libctru/lib\libctru.a(archive_dev.o)
                                  0x8 (size before relaxing)
 .rodata.archive_devoptab
                0x0011e724       0x80 C:/devkitPro/libctru/lib\libctru.a(archive_dev.o)
 .rodata.fsInit.str1.4
                0x0011e7a4        0x0 C:/devkitPro/libctru/lib\libctru.a(fs.o)
                                  0x8 (size before relaxing)
 .rodata.get_arg
                0x0011e7a4       0x34 C:/devkitPro/devkitARM/bin/../lib/gcc/arm-none-eabi/15.2.0/../../../../arm-none-eabi/lib/armv6k/fpu\libg.a(libc_a-svfprintf.o)
 .rodata._svfprintf_r.str1.1
                0x0011e7d8       0x3b C:/devkitPro/devkitARM/bin/../lib/gcc/arm-none-eabi/15.2.0/../../../../arm-none-eabi/lib/armv6k/fpu\libg.a(libc_a-svfprintf.o)
 *fill*         0x0011e813        0x1 
 .rodata._svfprintf_r
                0x0011e814       0xb6 C:/devkitPro/devkitARM/bin/../lib/gcc/arm-none-eabi/15.2.0/../../../../arm-none-eabi/lib/armv6k/fpu\libg.a(libc_a-svfprintf.o)
 *fill*         0x0011e8ca        0x2 
 .rodata.zeroes.0
                0x0011e8cc       0x10 C:/devkitPro/devkitARM/bin/../lib/gcc/arm-none-eabi/15.2.0/../../../../arm-none-eabi/lib/armv6k/fpu\libg.a(libc_a-svfprintf.o)
 .rodata.blanks.1
                0x0011e8dc       0x10 C:/devkitPro/devkitARM/bin/../lib/gcc/arm-none-eabi/15.2.0/../../../../arm-none-eabi/lib/armv6k/fpu\libg.a(libc_a-svfprintf.o)
 .rodata._ctype_
                0x0011e8ec      0x101 C:/devkitPro/devkitARM/bin/../lib/gcc/arm-none-eabi/15.2.0/../../../../arm-none-eabi/lib/armv6k/fpu\libg.a(libc_a-ctype_.o)
                0x0011e8ec                _ctype_
 *fill*         0x0011e9ed        0x3 
 .rodata.__action_table
                0x0011e9f0       0x6c C:/devkitPro/devkitARM/bin/../lib/gcc/arm-none-eabi/15.2.0/../../../../arm-none-eabi/lib/armv6k/fpu\libg.a(libc_a-svfiprintf.o)
                0x0011e9f0                __action_table
 .rodata.__state_table
                0x0011ea5c       0x6c C:/devkitPro/devkitARM/bin/../lib/gcc/arm-none-eabi/15.2.0/../../../../arm-none-eabi/lib/armv6k/fpu\libg.a(libc_a-svfiprintf.o)
                0x0011ea5c                __state_table
 .rodata.__chclass
                0x0011eac8      0x100 C:/devkitPro/devkitARM/bin/../lib/gcc/arm-none-eabi/15.2.0/../../../../arm-none-eabi/lib/armv6k/fpu\libg.a(libc_a-svfiprintf.o)
                0x0011eac8                __chclass
 .rodata.str1.4
                0x0011ebc8        0x0 C:/devkitPro/devkitARM/bin/../lib/gcc/arm-none-eabi/15.2.0/../../../../arm-none-eabi/lib/armv6k/fpu\libg.a(libc_a-locale.o)
                                 0x4c (size before relaxing)
 .rodata._dtoa_r.str1.4
                0x0011ebc8        0x0 C:/devkitPro/devkitARM/bin/../lib/gcc/arm-none-eabi/15.2.0/../../../../arm-none-eabi/lib/armv6k/fpu\libg.a(libc_a-dtoa.o)
                                 0x9c (size before relaxing)
 .rodata._dtoa_r
                0x0011ebc8        0x8 C:/devkitPro/devkitARM/bin/../lib/gcc/arm-none-eabi/15.2.0/../../../../arm-none-eabi/lib/armv6k/fpu\libg.a(libc_a-dtoa.o)
 .rodata.__assert_func.str1.4
                0x0011ebd0        0x0 C:/devkitPro/devkitARM/bin/../lib/gcc/arm-none-eabi/15.2.0/../../../../arm-none-eabi/lib/armv6k/fpu\libg.a(libc_a-assert.o)
                                 0x43 (size before relaxing)
 .rodata.__multadd.str1.4
                0x0011ebd0        0x0 C:/devkitPro/devkitARM/bin/../lib/gcc/arm-none-eabi/15.2.0/../../../../arm-none-eabi/lib/armv6k/fpu\libg.a(libc_a-mprec.o)
                                 0x89 (size before relaxing)
 .rodata.p05.0  0x0011ebd0        0xc C:/devkitPro/devkitARM/bin/../lib/gcc/arm-none-eabi/15.2.0/../../../../arm-none-eabi/lib/armv6k/fpu\libg.a(libc_a-mprec.o)
 *fill*         0x0011ebdc        0x4 
 .rodata.__mprec_bigtens
                0x0011ebe0       0x28 C:/devkitPro/devkitARM/bin/../lib/gcc/arm-none-eabi/15.2.0/../../../../arm-none-eabi/lib/armv6k/fpu\libg.a(libc_a-mprec.o)
                0x0011ebe0                __mprec_bigtens
 .rodata.__mprec_tens